Archive member included to satisfy reference by file (symbol)

c:/program files (x86)/gnu arm embedded toolchain/10 2021.10/bin/../lib/gcc/arm-none-eabi/10.3.1/thumb/v7e-m/nofp\libgcc.a(_aeabi_uldivmod.o)
                              drivers/Src/stm32f407xx_rcc_driver.o (__aeabi_uldivmod)
c:/program files (x86)/gnu arm embedded toolchain/10 2021.10/bin/../lib/gcc/arm-none-eabi/10.3.1/thumb/v7e-m/nofp\libgcc.a(_udivmoddi4.o)
                              c:/program files (x86)/gnu arm embedded toolchain/10 2021.10/bin/../lib/gcc/arm-none-eabi/10.3.1/thumb/v7e-m/nofp\libgcc.a(_aeabi_uldivmod.o) (__udivmoddi4)
c:/program files (x86)/gnu arm embedded toolchain/10 2021.10/bin/../lib/gcc/arm-none-eabi/10.3.1/thumb/v7e-m/nofp\libgcc.a(_dvmd_tls.o)
                              c:/program files (x86)/gnu arm embedded toolchain/10 2021.10/bin/../lib/gcc/arm-none-eabi/10.3.1/thumb/v7e-m/nofp\libgcc.a(_aeabi_uldivmod.o) (__aeabi_ldiv0)
c:/program files (x86)/gnu arm embedded toolchain/10 2021.10/bin/../lib/gcc/arm-none-eabi/10.3.1/../../../../arm-none-eabi/lib/thumb/v7e-m/nofp\libc.a(lib_a-exit.o)
                              c:/program files (x86)/gnu arm embedded toolchain/10 2021.10/bin/../lib/gcc/arm-none-eabi/10.3.1/../../../../arm-none-eabi/lib/thumb/v7e-m/nofp/rdimon-crt0.o (exit)
c:/program files (x86)/gnu arm embedded toolchain/10 2021.10/bin/../lib/gcc/arm-none-eabi/10.3.1/../../../../arm-none-eabi/lib/thumb/v7e-m/nofp\libc.a(lib_a-impure.o)
                              c:/program files (x86)/gnu arm embedded toolchain/10 2021.10/bin/../lib/gcc/arm-none-eabi/10.3.1/../../../../arm-none-eabi/lib/thumb/v7e-m/nofp\libc.a(lib_a-exit.o) (_global_impure_ptr)
c:/program files (x86)/gnu arm embedded toolchain/10 2021.10/bin/../lib/gcc/arm-none-eabi/10.3.1/../../../../arm-none-eabi/lib/thumb/v7e-m/nofp\libc.a(lib_a-init.o)
                              c:/program files (x86)/gnu arm embedded toolchain/10 2021.10/bin/../lib/gcc/arm-none-eabi/10.3.1/../../../../arm-none-eabi/lib/thumb/v7e-m/nofp/rdimon-crt0.o (__libc_init_array)
c:/program files (x86)/gnu arm embedded toolchain/10 2021.10/bin/../lib/gcc/arm-none-eabi/10.3.1/../../../../arm-none-eabi/lib/thumb/v7e-m/nofp\libc.a(lib_a-malloc.o)
                              ble.o (malloc)
c:/program files (x86)/gnu arm embedded toolchain/10 2021.10/bin/../lib/gcc/arm-none-eabi/10.3.1/../../../../arm-none-eabi/lib/thumb/v7e-m/nofp\libc.a(lib_a-mallocr.o)
                              c:/program files (x86)/gnu arm embedded toolchain/10 2021.10/bin/../lib/gcc/arm-none-eabi/10.3.1/../../../../arm-none-eabi/lib/thumb/v7e-m/nofp\libc.a(lib_a-malloc.o) (_malloc_r)
c:/program files (x86)/gnu arm embedded toolchain/10 2021.10/bin/../lib/gcc/arm-none-eabi/10.3.1/../../../../arm-none-eabi/lib/thumb/v7e-m/nofp\libc.a(lib_a-memcpy.o)
                              ble.o (memcpy)
c:/program files (x86)/gnu arm embedded toolchain/10 2021.10/bin/../lib/gcc/arm-none-eabi/10.3.1/../../../../arm-none-eabi/lib/thumb/v7e-m/nofp\libc.a(lib_a-memset.o)
                              c:/program files (x86)/gnu arm embedded toolchain/10 2021.10/bin/../lib/gcc/arm-none-eabi/10.3.1/../../../../arm-none-eabi/lib/thumb/v7e-m/nofp/rdimon-crt0.o (memset)
c:/program files (x86)/gnu arm embedded toolchain/10 2021.10/bin/../lib/gcc/arm-none-eabi/10.3.1/../../../../arm-none-eabi/lib/thumb/v7e-m/nofp\libc.a(lib_a-mlock.o)
                              c:/program files (x86)/gnu arm embedded toolchain/10 2021.10/bin/../lib/gcc/arm-none-eabi/10.3.1/../../../../arm-none-eabi/lib/thumb/v7e-m/nofp\libc.a(lib_a-mallocr.o) (__malloc_lock)
c:/program files (x86)/gnu arm embedded toolchain/10 2021.10/bin/../lib/gcc/arm-none-eabi/10.3.1/../../../../arm-none-eabi/lib/thumb/v7e-m/nofp\libc.a(lib_a-printf.o)
                              ble.o (printf)
c:/program files (x86)/gnu arm embedded toolchain/10 2021.10/bin/../lib/gcc/arm-none-eabi/10.3.1/../../../../arm-none-eabi/lib/thumb/v7e-m/nofp\libc.a(lib_a-putchar.o)
                              ble.o (putchar)
c:/program files (x86)/gnu arm embedded toolchain/10 2021.10/bin/../lib/gcc/arm-none-eabi/10.3.1/../../../../arm-none-eabi/lib/thumb/v7e-m/nofp\libc.a(lib_a-puts.o)
                              ble.o (puts)
c:/program files (x86)/gnu arm embedded toolchain/10 2021.10/bin/../lib/gcc/arm-none-eabi/10.3.1/../../../../arm-none-eabi/lib/thumb/v7e-m/nofp\libc.a(lib_a-sbrkr.o)
                              c:/program files (x86)/gnu arm embedded toolchain/10 2021.10/bin/../lib/gcc/arm-none-eabi/10.3.1/../../../../arm-none-eabi/lib/thumb/v7e-m/nofp\libc.a(lib_a-mallocr.o) (_sbrk_r)
c:/program files (x86)/gnu arm embedded toolchain/10 2021.10/bin/../lib/gcc/arm-none-eabi/10.3.1/../../../../arm-none-eabi/lib/thumb/v7e-m/nofp\libc.a(lib_a-strlen.o)
                              c:/program files (x86)/gnu arm embedded toolchain/10 2021.10/bin/../lib/gcc/arm-none-eabi/10.3.1/../../../../arm-none-eabi/lib/thumb/v7e-m/nofp\libc.a(lib_a-puts.o) (strlen)
[...]
Memory Configuration

Name             Origin             Length             Attributes
FLASH            0x08000000         0x00100000         xr
SRAM             0x20000000         0x00020000         xrw
*default*        0x00000000         0xffffffff

Linker script and memory map

LOAD c:/program files (x86)/gnu arm embedded toolchain/10 2021.10/bin/../lib/gcc/arm-none-eabi/10.3.1/thumb/v7e-m/nofp/crti.o
LOAD c:/program files (x86)/gnu arm embedded toolchain/10 2021.10/bin/../lib/gcc/arm-none-eabi/10.3.1/thumb/v7e-m/nofp/crtbegin.o
LOAD c:/program files (x86)/gnu arm embedded toolchain/10 2021.10/bin/../lib/gcc/arm-none-eabi/10.3.1/../../../../arm-none-eabi/lib/thumb/v7e-m/nofp/rdimon-crt0.o
LOAD ble.o
LOAD led.o
LOAD LIS3DSH.o
LOAD main.o
LOAD stm32_startup.o
LOAD drivers/Src/stm32f407xx_gpio_driver.o
LOAD drivers/Src/stm32f407xx_i2c_driver.o
LOAD drivers/Src/stm32f407xx_rcc_driver.o
LOAD drivers/Src/stm32f407xx_spi_driver.o
LOAD drivers/Src/stm32f407xx_tim_driver.o
LOAD drivers/Src/stm32f407xx_usart_driver.o
LOAD USB/Class/CDC/Src/usbd_cdc.o
LOAD USB/Class/CDC/Src/usbd_cdc_if.o
LOAD USB/Core/Src/stm32f4xx_hal.o
LOAD USB/Core/Src/stm32f4xx_hal_pcd.o
LOAD USB/Core/Src/stm32f4xx_hal_pcd_ex.o
LOAD USB/Core/Src/stm32f4xx_ll_usb.o
LOAD USB/Core/Src/usbd_conf.o
LOAD USB/Core/Src/usbd_core.o
LOAD USB/Core/Src/usbd_ctlreq.o
LOAD USB/Core/Src/usbd_desc.o
LOAD USB/Core/Src/usbd_ioreq.o
START GROUP
LOAD c:/program files (x86)/gnu arm embedded toolchain/10 2021.10/bin/../lib/gcc/arm-none-eabi/10.3.1/thumb/v7e-m/nofp\libgcc.a
LOAD c:/program files (x86)/gnu arm embedded toolchain/10 2021.10/bin/../lib/gcc/arm-none-eabi/10.3.1/../../../../arm-none-eabi/lib/thumb/v7e-m/nofp\libc.a
END GROUP
START GROUP
LOAD c:/program files (x86)/gnu arm embedded toolchain/10 2021.10/bin/../lib/gcc/arm-none-eabi/10.3.1/thumb/v7e-m/nofp\libgcc.a
LOAD c:/program files (x86)/gnu arm embedded toolchain/10 2021.10/bin/../lib/gcc/arm-none-eabi/10.3.1/../../../../arm-none-eabi/lib/thumb/v7e-m/nofp\libc.a
LOAD c:/program files (x86)/gnu arm embedded toolchain/10 2021.10/bin/../lib/gcc/arm-none-eabi/10.3.1/../../../../arm-none-eabi/lib/thumb/v7e-m/nofp\librdimon.a
END GROUP
LOAD c:/program files (x86)/gnu arm embedded toolchain/10 2021.10/bin/../lib/gcc/arm-none-eabi/10.3.1/thumb/v7e-m/nofp/crtend.o
LOAD c:/program files (x86)/gnu arm embedded toolchain/10 2021.10/bin/../lib/gcc/arm-none-eabi/10.3.1/thumb/v7e-m/nofp/crtn.o

.text           0x08000000    0x15514
 *(.isr_vector)
 .isr_vector    0x08000000      0x188 stm32_startup.o
                0x08000000                vectors
 *(.text)
 .text          0x08000188        0x0 c:/program files (x86)/gnu arm embedded toolchain/10 2021.10/bin/../lib/gcc/arm-none-eabi/10.3.1/thumb/v7e-m/nofp/crti.o
 .text          0x08000188       0x40 c:/program files (x86)/gnu arm embedded toolchain/10 2021.10/bin/../lib/gcc/arm-none-eabi/10.3.1/thumb/v7e-m/nofp/crtbegin.o
 .text          0x080001c8       0xf8 c:/program files (x86)/gnu arm embedded toolchain/10 2021.10/bin/../lib/gcc/arm-none-eabi/10.3.1/../../../../arm-none-eabi/lib/thumb/v7e-m/nofp/rdimon-crt0.o
                0x080001c8                _stack_init
                0x080001d4                _start
                0x080001d4                _mainCRTStartup
 .text          0x080002c0      0xb58 ble.o
                0x080002c0                ble_gpio_init
                0x08000344                SPI2_GPIOInits
                0x08000394                SPI2_Inits
                0x080003dc                xnucleo_init
                0x080003fc                ble_init
                0x08000674                standbyBle
                0x080006a8                fetchBleEvent
                0x080007b0                checkEventResp
                0x080007fa                sendCommand
                0x0800088c                catchBLE
                0x08000958                setConnectable
                0x08000a78                BLE_command
                0x08000b10                addService
                0x08000b84                addCharacteristic
                0x08000c24                updateCharValue
                0x08000ccc                disconnectBLE
                0x08000da0                setDiscoverability
 .text          0x08000e18       0xf0 led.o
                0x08000e18                led_init
                0x08000e78                leds_set
                0x08000ec0                led_on
                0x08000ee4                led_off
 .text          0x08000f08      0x2fc LIS3DSH.o
                0x08000f08                SPI1_GPIOInits
                0x08000f80                SPI1_Inits
                0x08000fbc                spi_write_reg
                0x08001018                spi_read_reg
                0x080010d0                LIS3DSH_init
                0x0800110c                LIS3DSH_read_xyz
 .text          0x08001204      0x790 main.o
                0x08001204                TIM5_init
                0x08001234                dwt_init
                0x0800126c                dwt_delay_us
                0x080012a8                dwt_delay_ms
                0x080012ce                twos_complement_to_signed
                0x08001306                Read_movement
                0x08001378                USB_FS_GPIO_INIT
                0x080013e4                main
                0x08001744                TIM5_IRQHandler
                0x08001778                TIM6_DAC_IRQHandler
                0x0800178c                OTG_FS_IRQHandler
                0x080017a0                EXTI9_5_IRQHandler
                0x080017b8                I2C_ApplicationEventCallback
                0x080017ce                SystemClock_Config
                0x080018c4                HAL_EnableCompensationCell
                0x080018dc                HAL_NVIC_SetPriorityGrouping
                0x08001924                HAL_MspInit
                0x08001970                HAL_TIM_PeriodElapsedCallback
 .text          0x08001994       0x90 stm32_startup.o
                0x08001994                RTC_Alarm_IRQHandler
                0x08001994                HASH_RNG_IRQHandler
                0x08001994                EXTI2_IRQHandler
                0x08001994                TIM8_CC_IRQHandler
                0x08001994                DebugMon_Handler
                0x08001994                TIM1_CC_IRQHandler
                0x08001994                DMA2_Stream5_IRQHandler
                0x08001994                HardFault_Handler
                0x08001994                DMA1_Stream5_IRQHandler
                0x08001994                SysTick_Handler
                0x08001994                PVD_IRQHandler
                0x08001994                SDIO_IRQHandler
                0x08001994                TAMP_STAMP_IRQHandler
                0x08001994                PendSV_Handler
                0x08001994                NMI_Handler
                0x08001994                CAN2_RX1_IRQHandler
                0x08001994                EXTI3_IRQHandler
                0x08001994                TIM8_TRG_COM_TIM14_IRQHandler
                0x08001994                TIM1_UP_TIM10_IRQHandler
                0x08001994                TIM8_UP_TIM13_IRQHandler
                0x08001994                I2C3_ER_IRQHandler
                0x08001994                EXTI0_IRQHandler
                0x08001994                I2C2_EV_IRQHandler
                0x08001994                DMA1_Stream2_IRQHandler
                0x08001994                CAN1_RX0_IRQHandler
                0x08001994                FPU_IRQHandler
                0x08001994                OTG_HS_WKUP_IRQHandler
                0x08001994                UsageFault_Handler
                0x08001994                CAN2_SCE_IRQHandler
                0x08001994                DMA2_Stream2_IRQHandler
                0x08001994                SPI1_IRQHandler
                0x08001994                TIM1_BRK_TIM9_IRQHandler
                0x08001994                DCMI_IRQHandler
                0x08001994                CAN2_RX0_IRQHandler
                0x08001994                DMA2_Stream3_IRQHandler
                0x08001994                USART6_IRQHandler
                0x08001994                USART3_IRQHandler
                0x08001994                CRYP_IRQHandler
                0x08001994                DMA2_Stream6_IRQHandler
                0x08001994                CAN1_RX1_IRQHandler
                0x08001994                UART5_IRQHandler
                0x08001994                DMA2_Stream0_IRQHandler
                0x08001994                TIM4_IRQHandler
                0x08001994                I2C1_EV_IRQHandler
                0x08001994                DMA1_Stream6_IRQHandler
                0x08001994                DMA1_Stream1_IRQHandler
                0x08001994                UART4_IRQHandler
                0x08001994                TIM3_IRQHandler
                0x08001994                RCC_IRQHandler
                0x08001994                TIM8_BRK_TIM12_IRQHandler
                0x08001994                Default_Handler
                0x08001994                EXTI15_10_IRQHandler
                0x08001994                ADC_IRQHandler
                0x08001994                DMA1_Stream7_IRQHandler
                0x08001994                TIM7_IRQHandler
                0x08001994                CAN2_TX_IRQHandler
                0x08001994                DMA2_Stream7_IRQHandler
                0x08001994                I2C3_EV_IRQHandler
                0x08001994                RTC_WKUP_IRQHandler
                0x08001994                ETH_WKUP_IRQHandler
                0x08001994                SPI2_IRQHandler
                0x08001994                OTG_HS_EP1_IN_IRQHandler
                0x08001994                MemManage_Handler
                0x08001994                DMA1_Stream0_IRQHandler
                0x08001994                CAN1_TX_IRQHandler
                0x08001994                SVC_Handler
                0x08001994                EXTI4_IRQHandler
                0x08001994                FSMC_IRQHandler
                0x08001994                ETH_IRQHandler
                0x08001994                OTG_HS_EP1_OUT_IRQHandler
                0x08001994                WWDG_IRQHandler
                0x08001994                TIM2_IRQHandler
                0x08001994                OTG_FS_WKUP_IRQHandler
                0x08001994                TIM1_TRG_COM_TIM11_IRQHandler
                0x08001994                OTG_HS_IRQHandler
                0x08001994                EXTI1_IRQHandler
                0x08001994                USART2_IRQHandler
                0x08001994                I2C2_ER_IRQHandler
                0x08001994                DMA2_Stream1_IRQHandler
                0x08001994                CAN1_SCE_IRQHandler
                0x08001994                DMA2_Stream4_IRQHandler
                0x08001994                BusFault_Handler
                0x08001994                USART1_IRQHandler
                0x08001994                SPI3_IRQHandler
                0x08001994                DMA1_Stream4_IRQHandler
                0x08001994                I2C1_ER_IRQHandler
                0x08001994                DMA1_Stream3_IRQHandler
                0x0800199a                Reset_Handler
 .text          0x08001a24      0x8dc drivers/Src/stm32f407xx_gpio_driver.o
                0x08001a24                GPIO_PeriClockControl
                0x08001bf4                GPIO_Init
                0x08001f2c                GPIO_DeInit
                0x08002098                GPIO_ReadFromInputPin
                0x080020c2                GPIO_ReadFromInputPort
                0x080020dc                GPIO_WriteToOutputPin
                0x08002124                GPIO_WriteToOutputPort
                0x08002140                GPIO_ToggleOutputPin
                0x08002168                GPIO_IRQInterruptConfig
                0x08002270                GPIO_IRQPriorityConfig
                0x080022c2                GPIO_IRQHandling
 .text          0x08002300      0xd6c drivers/Src/stm32f407xx_i2c_driver.o
                0x080023e0                I2C_GenerateStopCondition
                0x080023fe                I2C_SlaveEnableDisableCallbackEvents
                0x08002464                I2C_PeripheralControl
                0x0800249a                I2C_Init
                0x080025e8                I2C_GetFlagStatus
                0x0800260e                I2C_MasterSendData
                0x08002708                I2C_MasterReceiveData
                0x08002814                I2C_MasterSendDataIT
                0x080028a8                I2C_MasterReceiveDataIT
                0x0800293c                I2C_SlaveSendData
                0x08002958                I2C_SlaveReceiveData
                0x08002970                I2C_ManageAcking
                0x080029a6                I2C_PeriClockControl
                0x08002a54                I2C_IRQInterruptConfig
                0x08002b5c                I2C_IRQPriorityConfig
                0x08002c80                I2C_EV_IRQHandling
                0x08002e38                I2C_CloseReceiveData
                0x08002e94                I2C_CloseSendData
                0x08002ed8                I2C_ER_IRQHandling
                0x08002fe4                I2C_MasterSendDataIT_one
 .text          0x0800306c      0x990 drivers/Src/stm32f407xx_rcc_driver.o
                0x0800306c                RCC_GetPCLK1Value
                0x0800311c                RCC_GetPCLK2Value
                0x080031bc                RCC_GetPLLOutputClock
                0x080031ca                Set_PLL_Clock
                0x08003218                HAL_RCC_GetSysClockFreq
                0x08003430                HAL_RCC_GetHCLKFreq
                0x08003444                HAL_RCC_OscConfig
                0x080036a0                HAL_RCC_ClockConfig
                0x080038a8                HAL_RCC_GetClockConfig
                0x08003908                HAL_RCC_GetPCLK1Freq
                0x08003930                NVIC_GetPriorityGrouping
                0x0800394c                NVIC_SetPriority
                0x08003998                NVIC_EncodePriority
 .text          0x080039fc      0x7f8 drivers/Src/stm32f407xx_spi_driver.o
                0x080039fc                SPI_PeriClockControl
                0x08003a68                SPI_Init
                0x08003b1e                SPI_DeInit
                0x08003b30                SPI_GetFlagStatus
                0x08003b56                SPI_TransmitReceive
                0x08003c00                SPI_SendData
                0x08003c6e                SPI_ReceiveData
                0x08003ce4                SPI_PeripheralControl
                0x08003d1a                SPI_SSIConfig
                0x08003d50                SPI_SSOEConfig
                0x08003d86                SPI_IRQInterruptConfig
                0x08003e90                SPI_IRQPriorityConfig
                0x08003ee2                SPI_SendDataIT
                0x08003f28                SPI_ReceiveDataIT
                0x08003f78                SPI_IRQHandling
                0x08004158                SPI_CloseTransmisson
                0x0800418c                SPI_CloseReception
                0x080041c0                SPI_ClearOVRFlag
                0x080041de                SPI_ApplicationEventCallback
 .text          0x080041f4      0x77c drivers/Src/stm32f407xx_tim_driver.o
                0x080041f4                TIM_PeriClockControl
                0x08004244                timer_init
                0x080042b4                timer_reset
                0x080042d0                TIM_IRQInterruptConfig
                0x080043d8                timer_set_ms
                0x080043f4                TIM_IRQPriorityConfig
                0x08004446                TIM_IRQHandling
                0x08004476                TIM_Base_SetConfig
                0x080044ba                HAL_TIM_Base_MspInit
                0x080044cc                HAL_TIM_Base_Init
                0x0800456a                HAL_TIM_Base_Start_IT
                0x080045b6                NVIC_EnableIRQ
                0x080045e8                HAL_InitTick
                0x080046e0                HAL_TIM_IC_CaptureCallback
                0x080046f2                HAL_TIM_OC_DelayElapsedCallback
                0x08004704                HAL_TIM_PWM_PulseFinishedCallback
                0x08004716                HAL_TIMEx_BreakCallback
                0x0800473a                HAL_TIM_TriggerCallback
                0x0800474c                HAL_TIMEx_CommutCallback
                0x0800475e                HAL_TIM_IRQHandler
 .text          0x08004970      0x948 drivers/Src/stm32f407xx_usart_driver.o
                0x08004970                USART_SetBaudRate
                0x08004a54                USART_Init
                0x08004b52                USART_PeripheralControl
                0x08004b88                USART_SendData
                0x08004c24                USART_ReceiveData
                0x08004cce                USART_SendDataIT
                0x08004d28                USART_ReceiveDataIT
                0x08004d72                USART_PeriClockControl
                0x08004df8                USART_GetFlagStatus
                0x08004e20                USART_IRQInterruptConfig
                0x08004f28                USART_IRQPriorityConfig
                0x08004f7a                USART_IRQHandling
                0x080052a2                USART_ApplicationEventCallback
 .text          0x080052b8      0x9a4 USB/Class/CDC/Src/usbd_cdc.o
                0x08005a98                USBD_CDC_GetDeviceQualifierDescriptor
                0x08005ab8                USBD_CDC_RegisterInterface
                0x08005aea                USBD_CDC_SetTxBuffer
                0x08005b2c                USBD_CDC_SetRxBuffer
                0x08005b64                USBD_CDC_TransmitPacket
                0x08005bf0                USBD_CDC_ReceivePacket
 .text          0x08005c5c      0x184 USB/Class/CDC/Src/usbd_cdc_if.o
                0x08005d4e                CDC_Receive_FS
                0x08005d74                CDC_Transmit_FS
 .text          0x08005de0      0x268 USB/Core/Src/stm32f4xx_hal.o
                0x08005de0                HAL_Init
                0x08005dfa                HAL_DeInit
                0x08005e14                HAL_MspDeInit
                0x08005e20                init_systick_timer
                0x08005ec8                HAL_IncTick
                0x08005eec                HAL_GetTick
                0x08005f00                HAL_GetTickPrio
                0x08005f14                HAL_SetTickFreq
                0x08005f64                HAL_GetTickFreq
                0x08005f78                HAL_Delay
                0x08005fc0                HAL_SuspendTick
                0x08005fdc                HAL_ResumeTick
                0x08005ff8                HAL_GetHalVersion
                0x0800600c                HAL_GetUIDw0
                0x08006020                HAL_GetUIDw1
                0x08006034                HAL_GetUIDw2
 .text          0x08006048     0x1af8 USB/Core/Src/stm32f4xx_hal_pcd.o
                0x08006048                HAL_PCD_Init
                0x08006282                HAL_PCD_DeInit
                0x080062ec                HAL_PCD_Start
                0x08006352                HAL_PCD_Stop
                0x080063c4                HAL_PCD_IRQHandler
                0x08006d02                HAL_PCD_WKUP_IRQHandler
                0x08006e12                HAL_PCD_DevConnect
                0x08006e6e                HAL_PCD_DevDisconnect
                0x08006eca                HAL_PCD_SetAddress
                0x08006f14                HAL_PCD_EP_Open
                0x08006fe4                HAL_PCD_EP_Close
                0x08007078                HAL_PCD_EP_Receive
                0x0800710e                HAL_PCD_EP_GetRxCount
                0x0800713c                HAL_PCD_EP_Transmit
                0x080071d0                HAL_PCD_EP_SetStall
                0x08007298                HAL_PCD_EP_ClrStall
                0x08007344                HAL_PCD_EP_Abort
                0x080073a6                HAL_PCD_EP_Flush
                0x08007400                HAL_PCD_ActivateRemoteWakeup
                0x0800741c                HAL_PCD_DeActivateRemoteWakeup
                0x08007438                HAL_PCD_GetState
                0x08007452                HAL_PCD_SetTestMode
                0x0800780c                HAL_GPIO_Init
 .text          0x08007b40       0xd8 USB/Core/Src/stm32f4xx_hal_pcd_ex.o
                0x08007b40                HAL_PCDEx_SetTxFiFo
                0x08007bcc                HAL_PCDEx_SetRxFiFo
                0x08007bec                HAL_PCDEx_LPM_Callback
                0x08007c02                HAL_PCDEx_BCD_Callback
 .text          0x08007c18     0x2774 USB/Core/Src/stm32f4xx_ll_usb.o
                0x08007c18                USB_CoreInit
                0x08007cda                USB_SetTurnaroundTime
                0x08007e1c                USB_EnableGlobalInt
                0x08007e3c                USB_DisableGlobalInt
                0x08007e5c                USB_SetCurrentMode
                0x08007ef4                USB_DevInit
                0x080081bc                USB_FlushTxFifo
                0x08008224                USB_FlushRxFifo
                0x08008284                USB_SetDevSpeed
                0x080082b4                USB_GetDevSpeed
                0x080082fc                USB_ActivateEndpoint
                0x08008408                USB_ActivateDedicatedEndpoint
                0x08008516                USB_DeactivateEndpoint
                0x080086cc                USB_DeactivateDedicatedEndpoint
                0x0800882e                USB_EPStartXfer
                0x08008cbc                USB_EP0StartXfer
                0x08008f6a                USB_EPStopXfer
                0x080090bc                USB_WritePacket
                0x08009136                USB_ReadPacket
                0x080091e4                USB_EPSetStall
                0x080092be                USB_EPClearStall
                0x08009388                USB_StopDevice
                0x08009426                USB_SetDevAddress
                0x08009470                USB_DevConnect
                0x080094b0                USB_DevDisconnect
                0x080094f0                USB_ReadInterrupts
                0x08009514                USB_ReadDevAllOutEpInterrupt
                0x08009546                USB_ReadDevAllInEpInterrupt
                0x08009578                USB_ReadDevOutEPInterrupt
                0x080095b2                USB_ReadDevInEPInterrupt
                0x0800960c                USB_ClearInterrupts
                0x0800962c                USB_GetMode
                0x08009646                USB_ActivateSetup
                0x0800968a                USB_EP0_OutStart
                0x080097a8                USB_HostInit
                0x08009928                USB_InitFSLSPClkSel
                0x0800999a                USB_ResetPort
                0x080099ee                USB_DriveVbus
                0x08009a5e                USB_GetHostSpeed
                0x08009a8a                USB_GetCurrentFrame
                0x08009aaa                USB_HC_Init
                0x08009cf0                USB_HC_StartXfer
                0x08009f74                USB_HC_ReadInterrupt
                0x08009f94                USB_HC_Halt
                0x0800a18a                USB_DoPing
                0x0800a200                USB_StopHost
                0x0800a324                USB_ActivateRemoteWakeup
                0x0800a360                USB_DeActivateRemoteWakeup
 .text          0x0800a38c      0x768 USB/Core/Src/usbd_conf.o
                0x0800a38c                Error_Handler
                0x0800a398                HAL_NVIC_SetPriority
                0x0800a3ca                HAL_PCD_MspInit
                0x0800a4ac                HAL_PCD_MspDeInit
                0x0800a4be                HAL_PCD_SetupStageCallback
                0x0800a4e2                HAL_PCD_DataOutStageCallback
                0x0800a518                HAL_PCD_DataInStageCallback
                0x0800a54c                HAL_PCD_SOFCallback
                0x0800a568                HAL_PCD_ResetCallback
                0x0800a5b8                HAL_PCD_SuspendCallback
                0x0800a604                HAL_PCD_ResumeCallback
                0x0800a620                HAL_PCD_ISOOUTIncompleteCallback
                0x0800a644                HAL_PCD_ISOINIncompleteCallback
                0x0800a668                HAL_PCD_ConnectCallback
                0x0800a684                HAL_PCD_DisconnectCallback
                0x0800a6a0                USBD_LL_Init
                0x0800a738                USBD_LL_DeInit
                0x0800a76e                USBD_LL_Start
                0x0800a7a4                USBD_LL_Stop
                0x0800a7da                USBD_LL_OpenEP
                0x0800a826                USBD_LL_CloseEP
                0x0800a864                USBD_LL_FlushEP
                0x0800a8a2                USBD_LL_StallEP
                0x0800a8e0                USBD_LL_ClearStallEP
                0x0800a91e                USBD_LL_IsStallEP
                0x0800a974                USBD_LL_SetUSBAddress
                0x0800a9b2                USBD_LL_Transmit
                0x0800a9f4                USBD_LL_PrepareReceive
                0x0800aa36                USBD_LL_GetRxDataSize
                0x0800aa5c                USBD_static_malloc
                0x0800aa74                USBD_static_free
                0x0800aa86                USBD_LL_Delay
                0x0800aa9c                USBD_Get_USB_Status
 .text          0x0800aaf4      0x8cc USB/Core/Src/usbd_core.o
                0x0800aaf4                USBD_Init
                0x0800ab54                USBD_DeInit
                0x0800abb4                USBD_RegisterClass
                0x0800ac20                USBD_Start
                0x0800ac38                USBD_Stop
                0x0800ac6e                USBD_RunTestMode
                0x0800ac82                USBD_SetClassConfig
                0x0800acba                USBD_ClrClassConfig
                0x0800acee                USBD_LL_SetupStage
                0x0800ad98                USBD_LL_DataOutStage
                0x0800af00                USBD_LL_DataInStage
                0x0800b066                USBD_LL_Reset
                0x0800b10c                USBD_LL_SetSpeed
                0x0800b12a                USBD_LL_Suspend
                0x0800b154                USBD_LL_Resume
                0x0800b182                USBD_LL_SOF
                0x0800b1c2                USBD_LL_IsoINIncomplete
                0x0800b226                USBD_LL_IsoOUTIncomplete
                0x0800b28a                USBD_LL_DevConnected
                0x0800b29e                USBD_LL_DevDisconnected
                0x0800b2e4                USBD_CoreFindIF
                0x0800b2fc                USBD_CoreFindEP
                0x0800b314                USBD_GetEpDesc
                0x0800b388                USBD_GetNextDesc
 .text          0x0800b3c0      0xca0 USB/Core/Src/usbd_ctlreq.o
                0x0800b3fa                USBD_StdDevReq
                0x0800b4de                USBD_StdItfReq
                0x0800b5b6                USBD_StdEPReq
                0x0800bf0a                USBD_ParseSetupRequest
                0x0800bf7e                USBD_CtlError
                0x0800bfa0                USBD_GetString
 .text          0x0800c060      0x21c USB/Core/Src/usbd_desc.o
                0x0800c060                USBD_FS_DeviceDescriptor
                0x0800c084                USBD_FS_LangIDStrDescriptor
                0x0800c0a8                USBD_FS_ProductStrDescriptor
                0x0800c0e4                USBD_FS_ManufacturerStrDescriptor
                0x0800c10c                USBD_FS_SerialStrDescriptor
                0x0800c130                USBD_FS_ConfigStrDescriptor
                0x0800c16c                USBD_FS_InterfaceStrDescriptor
 .text          0x0800c27c      0x120 USB/Core/Src/usbd_ioreq.o
                0x0800c27c                USBD_CtlSendData
                0x0800c2b2                USBD_CtlContinueSendData
                0x0800c2d4                USBD_CtlPrepareRx
                0x0800c30e                USBD_CtlContinueRx
                0x0800c330                USBD_CtlSendStatus
                0x0800c356                USBD_CtlReceiveStatus
                0x0800c37c                USBD_GetRxCount
 .text          0x0800c39c       0x30 c:/program files (x86)/gnu arm embedded toolchain/10 2021.10/bin/../lib/gcc/arm-none-eabi/10.3.1/thumb/v7e-m/nofp\libgcc.a(_aeabi_uldivmod.o)
                0x0800c39c                __aeabi_uldivmod
 .text          0x0800c3cc      0x2d0 c:/program files (x86)/gnu arm embedded toolchain/10 2021.10/bin/../lib/gcc/arm-none-eabi/10.3.1/thumb/v7e-m/nofp\libgcc.a(_udivmoddi4.o)
                0x0800c3cc                __udivmoddi4
 .text          0x0800c69c        0x4 c:/program files (x86)/gnu arm embedded toolchain/10 2021.10/bin/../lib/gcc/arm-none-eabi/10.3.1/thumb/v7e-m/nofp\libgcc.a(_dvmd_tls.o)
                0x0800c69c                __aeabi_idiv0
                0x0800c69c                __aeabi_ldiv0
 .text          0x0800c6a0        0x0 c:/program files (x86)/gnu arm embedded toolchain/10 2021.10/bin/../lib/gcc/arm-none-eabi/10.3.1/../../../../arm-none-eabi/lib/thumb/v7e-m/nofp\libc.a(lib_a-exit.o)
 .text          0x0800c6a0        0x0 c:/program files (x86)/gnu arm embedded toolchain/10 2021.10/bin/../lib/gcc/arm-none-eabi/10.3.1/../../../../arm-none-eabi/lib/thumb/v7e-m/nofp\libc.a(lib_a-impure.o)
 .text          0x0800c6a0        0x0 c:/program files (x86)/gnu arm embedded toolchain/10 2021.10/bin/../lib/gcc/arm-none-eabi/10.3.1/../../../../arm-none-eabi/lib/thumb/v7e-m/nofp\libc.a(lib_a-init.o)
 .text          0x0800c6a0        0x0 c:/program files (x86)/gnu arm embedded toolchain/10 2021.10/bin/../lib/gcc/arm-none-eabi/10.3.1/../../../../arm-none-eabi/lib/thumb/v7e-m/nofp\libc.a(lib_a-malloc.o)
 .text          0x0800c6a0        0x0 c:/program files (x86)/gnu arm embedded toolchain/10 2021.10/bin/../lib/gcc/arm-none-eabi/10.3.1/../../../../arm-none-eabi/lib/thumb/v7e-m/nofp\libc.a(lib_a-mallocr.o)
 .text          0x0800c6a0      0x134 c:/program files (x86)/gnu arm embedded toolchain/10 2021.10/bin/../lib/gcc/arm-none-eabi/10.3.1/../../../../arm-none-eabi/lib/thumb/v7e-m/nofp\libc.a(lib_a-memcpy.o)
                0x0800c6a0                memcpy
 .text          0x0800c7d4        0x0 c:/program files (x86)/gnu arm embedded toolchain/10 2021.10/bin/../lib/gcc/arm-none-eabi/10.3.1/../../../../arm-none-eabi/lib/thumb/v7e-m/nofp\libc.a(lib_a-memset.o)
 .text          0x0800c7d4        0x0 c:/program files (x86)/gnu arm embedded toolchain/10 2021.10/bin/../lib/gcc/arm-none-eabi/10.3.1/../../../../arm-none-eabi/lib/thumb/v7e-m/nofp\libc.a(lib_a-mlock.o)
 .text          0x0800c7d4        0x0 c:/program files (x86)/gnu arm embedded toolchain/10 2021.10/bin/../lib/gcc/arm-none-eabi/10.3.1/../../../../arm-none-eabi/lib/thumb/v7e-m/nofp\libc.a(lib_a-printf.o)
 .text          0x0800c7d4        0x0 c:/program files (x86)/gnu arm embedded toolchain/10 2021.10/bin/../lib/gcc/arm-none-eabi/10.3.1/../../../../arm-none-eabi/lib/thumb/v7e-m/nofp\libc.a(lib_a-putchar.o)
 .text          0x0800c7d4        0x0 c:/program files (x86)/gnu arm embedded toolchain/10 2021.10/bin/../lib/gcc/arm-none-eabi/10.3.1/../../../../arm-none-eabi/lib/thumb/v7e-m/nofp\libc.a(lib_a-puts.o)
 .text          0x0800c7d4        0x0 c:/program files (x86)/gnu arm embedded toolchain/10 2021.10/bin/../lib/gcc/arm-none-eabi/10.3.1/../../../../arm-none-eabi/lib/thumb/v7e-m/nofp\libc.a(lib_a-sbrkr.o)
 *fill*         0x0800c7d4       0x2c 
 .text          0x0800c800       0xdc c:/program files (x86)/gnu arm embedded toolchain/10 2021.10/bin/../lib/gcc/arm-none-eabi/10.3.1/../../../../arm-none-eabi/lib/thumb/v7e-m/nofp\libc.a(lib_a-strlen.o)
                0x0800c800                strlen
 .text          0x0800c8dc        0x0 c:/program files (x86)/gnu arm embedded toolchain/10 2021.10/bin/../lib/gcc/arm-none-eabi/10.3.1/../../../../arm-none-eabi/lib/thumb/v7e-m/nofp\libc.a(lib_a-vfprintf.o)
 .text          0x0800c8dc        0x0 c:/program files (x86)/gnu arm embedded toolchain/10 2021.10/bin/../lib/gcc/arm-none-eabi/10.3.1/../../../../arm-none-eabi/lib/thumb/v7e-m/nofp\libc.a(lib_a-wsetup.o)
 .text          0x0800c8dc        0x0 c:/program files (x86)/gnu arm embedded toolchain/10 2021.10/bin/../lib/gcc/arm-none-eabi/10.3.1/../../../../arm-none-eabi/lib/thumb/v7e-m/nofp\libc.a(lib_a-__call_atexit.o)
 .text          0x0800c8dc        0x0 c:/program files (x86)/gnu arm embedded toolchain/10 2021.10/bin/../lib/gcc/arm-none-eabi/10.3.1/../../../../arm-none-eabi/lib/thumb/v7e-m/nofp\libc.a(lib_a-atexit.o)
 .text          0x0800c8dc        0x0 c:/program files (x86)/gnu arm embedded toolchain/10 2021.10/bin/../lib/gcc/arm-none-eabi/10.3.1/../../../../arm-none-eabi/lib/thumb/v7e-m/nofp\libc.a(lib_a-dtoa.o)
 .text          0x0800c8dc        0x0 c:/program files (x86)/gnu arm embedded toolchain/10 2021.10/bin/../lib/gcc/arm-none-eabi/10.3.1/../../../../arm-none-eabi/lib/thumb/v7e-m/nofp\libc.a(lib_a-fflush.o)
 .text          0x0800c8dc        0x0 c:/program files (x86)/gnu arm embedded toolchain/10 2021.10/bin/../lib/gcc/arm-none-eabi/10.3.1/../../../../arm-none-eabi/lib/thumb/v7e-m/nofp\libc.a(lib_a-findfp.o)
 .text          0x0800c8dc        0x0 c:/program files (x86)/gnu arm embedded toolchain/10 2021.10/bin/../lib/gcc/arm-none-eabi/10.3.1/../../../../arm-none-eabi/lib/thumb/v7e-m/nofp\libc.a(lib_a-fini.o)
 .text          0x0800c8dc        0x0 c:/program files (x86)/gnu arm embedded toolchain/10 2021.10/bin/../lib/gcc/arm-none-eabi/10.3.1/../../../../arm-none-eabi/lib/thumb/v7e-m/nofp\libc.a(lib_a-freer.o)
 .text          0x0800c8dc        0x0 c:/program files (x86)/gnu arm embedded toolchain/10 2021.10/bin/../lib/gcc/arm-none-eabi/10.3.1/../../../../arm-none-eabi/lib/thumb/v7e-m/nofp\libc.a(lib_a-fvwrite.o)
 .text          0x0800c8dc        0x0 c:/program files (x86)/gnu arm embedded toolchain/10 2021.10/bin/../lib/gcc/arm-none-eabi/10.3.1/../../../../arm-none-eabi/lib/thumb/v7e-m/nofp\libc.a(lib_a-fwalk.o)
 .text          0x0800c8dc        0x0 c:/program files (x86)/gnu arm embedded toolchain/10 2021.10/bin/../lib/gcc/arm-none-eabi/10.3.1/../../../../arm-none-eabi/lib/thumb/v7e-m/nofp\libc.a(lib_a-localeconv.o)
 .text          0x0800c8dc        0x0 c:/program files (x86)/gnu arm embedded toolchain/10 2021.10/bin/../lib/gcc/arm-none-eabi/10.3.1/../../../../arm-none-eabi/lib/thumb/v7e-m/nofp\libc.a(lib_a-lock.o)
 .text          0x0800c8dc        0x0 c:/program files (x86)/gnu arm embedded toolchain/10 2021.10/bin/../lib/gcc/arm-none-eabi/10.3.1/../../../../arm-none-eabi/lib/thumb/v7e-m/nofp\libc.a(lib_a-makebuf.o)
 *fill*         0x0800c8dc        0x4 
 .text          0x0800c8e0       0xa0 c:/program files (x86)/gnu arm embedded toolchain/10 2021.10/bin/../lib/gcc/arm-none-eabi/10.3.1/../../../../arm-none-eabi/lib/thumb/v7e-m/nofp\libc.a(lib_a-memchr.o)
                0x0800c8e0                memchr
 .text          0x0800c980        0x0 c:/program files (x86)/gnu arm embedded toolchain/10 2021.10/bin/../lib/gcc/arm-none-eabi/10.3.1/../../../../arm-none-eabi/lib/thumb/v7e-m/nofp\libc.a(lib_a-memmove.o)
 .text          0x0800c980        0x0 c:/program files (x86)/gnu arm embedded toolchain/10 2021.10/bin/../lib/gcc/arm-none-eabi/10.3.1/../../../../arm-none-eabi/lib/thumb/v7e-m/nofp\libc.a(lib_a-mprec.o)
 .text          0x0800c980        0x0 c:/program files (x86)/gnu arm embedded toolchain/10 2021.10/bin/../lib/gcc/arm-none-eabi/10.3.1/../../../../arm-none-eabi/lib/thumb/v7e-m/nofp\libc.a(lib_a-putc.o)
 .text          0x0800c980        0x0 c:/program files (x86)/gnu arm embedded toolchain/10 2021.10/bin/../lib/gcc/arm-none-eabi/10.3.1/../../../../arm-none-eabi/lib/thumb/v7e-m/nofp\libc.a(lib_a-reallocr.o)
 .text          0x0800c980        0x0 c:/program files (x86)/gnu arm embedded toolchain/10 2021.10/bin/../lib/gcc/arm-none-eabi/10.3.1/../../../../arm-none-eabi/lib/thumb/v7e-m/nofp\libc.a(lib_a-reent.o)
 .text          0x0800c980        0x0 c:/program files (x86)/gnu arm embedded toolchain/10 2021.10/bin/../lib/gcc/arm-none-eabi/10.3.1/../../../../arm-none-eabi/lib/thumb/v7e-m/nofp\libc.a(lib_a-s_frexp.o)
 .text          0x0800c980        0x0 c:/program files (x86)/gnu arm embedded toolchain/10 2021.10/bin/../lib/gcc/arm-none-eabi/10.3.1/../../../../arm-none-eabi/lib/thumb/v7e-m/nofp\libc.a(lib_a-stdio.o)
 .text          0x0800c980        0x0 c:/program files (x86)/gnu arm embedded toolchain/10 2021.10/bin/../lib/gcc/arm-none-eabi/10.3.1/../../../../arm-none-eabi/lib/thumb/v7e-m/nofp\libc.a(lib_a-strncpy.o)
 .text          0x0800c980        0x0 c:/program files (x86)/gnu arm embedded toolchain/10 2021.10/bin/../lib/gcc/arm-none-eabi/10.3.1/../../../../arm-none-eabi/lib/thumb/v7e-m/nofp\libc.a(lib_a-vfiprintf.o)
 .text          0x0800c980        0x0 c:/program files (x86)/gnu arm embedded toolchain/10 2021.10/bin/../lib/gcc/arm-none-eabi/10.3.1/../../../../arm-none-eabi/lib/thumb/v7e-m/nofp\libc.a(lib_a-wbuf.o)
 .text          0x0800c980        0x0 c:/program files (x86)/gnu arm embedded toolchain/10 2021.10/bin/../lib/gcc/arm-none-eabi/10.3.1/../../../../arm-none-eabi/lib/thumb/v7e-m/nofp\libc.a(lib_a-writer.o)
 .text          0x0800c980        0x0 c:/program files (x86)/gnu arm embedded toolchain/10 2021.10/bin/../lib/gcc/arm-none-eabi/10.3.1/../../../../arm-none-eabi/lib/thumb/v7e-m/nofp\libc.a(lib_a-__atexit.o)
 .text          0x0800c980        0x0 c:/program files (x86)/gnu arm embedded toolchain/10 2021.10/bin/../lib/gcc/arm-none-eabi/10.3.1/../../../../arm-none-eabi/lib/thumb/v7e-m/nofp\libc.a(lib_a-assert.o)
 .text          0x0800c980        0x0 c:/program files (x86)/gnu arm embedded toolchain/10 2021.10/bin/../lib/gcc/arm-none-eabi/10.3.1/../../../../arm-none-eabi/lib/thumb/v7e-m/nofp\libc.a(lib_a-callocr.o)
 .text          0x0800c980        0x0 c:/program files (x86)/gnu arm embedded toolchain/10 2021.10/bin/../lib/gcc/arm-none-eabi/10.3.1/../../../../arm-none-eabi/lib/thumb/v7e-m/nofp\libc.a(lib_a-closer.o)
 .text          0x0800c980        0x0 c:/program files (x86)/gnu arm embedded toolchain/10 2021.10/bin/../lib/gcc/arm-none-eabi/10.3.1/../../../../arm-none-eabi/lib/thumb/v7e-m/nofp\libc.a(lib_a-errno.o)
 .text          0x0800c980        0x0 c:/program files (x86)/gnu arm embedded toolchain/10 2021.10/bin/../lib/gcc/arm-none-eabi/10.3.1/../../../../arm-none-eabi/lib/thumb/v7e-m/nofp\libc.a(lib_a-fclose.o)
 .text          0x0800c980        0x0 c:/program files (x86)/gnu arm embedded toolchain/10 2021.10/bin/../lib/gcc/arm-none-eabi/10.3.1/../../../../arm-none-eabi/lib/thumb/v7e-m/nofp\libc.a(lib_a-fiprintf.o)
 .text          0x0800c980        0x0 c:/program files (x86)/gnu arm embedded toolchain/10 2021.10/bin/../lib/gcc/arm-none-eabi/10.3.1/../../../../arm-none-eabi/lib/thumb/v7e-m/nofp\libc.a(lib_a-fputwc.o)
 .text          0x0800c980        0x0 c:/program files (x86)/gnu arm embedded toolchain/10 2021.10/bin/../lib/gcc/arm-none-eabi/10.3.1/../../../../arm-none-eabi/lib/thumb/v7e-m/nofp\libc.a(lib_a-fstatr.o)
 .text          0x0800c980        0x0 c:/program files (x86)/gnu arm embedded toolchain/10 2021.10/bin/../lib/gcc/arm-none-eabi/10.3.1/../../../../arm-none-eabi/lib/thumb/v7e-m/nofp\libc.a(lib_a-isattyr.o)
 .text          0x0800c980        0x0 c:/program files (x86)/gnu arm embedded toolchain/10 2021.10/bin/../lib/gcc/arm-none-eabi/10.3.1/../../../../arm-none-eabi/lib/thumb/v7e-m/nofp\libc.a(lib_a-locale.o)
 .text          0x0800c980        0x0 c:/program files (x86)/gnu arm embedded toolchain/10 2021.10/bin/../lib/gcc/arm-none-eabi/10.3.1/../../../../arm-none-eabi/lib/thumb/v7e-m/nofp\libc.a(lib_a-lseekr.o)
 .text          0x0800c980        0x0 c:/program files (x86)/gnu arm embedded toolchain/10 2021.10/bin/../lib/gcc/arm-none-eabi/10.3.1/../../../../arm-none-eabi/lib/thumb/v7e-m/nofp\libc.a(lib_a-mbtowc_r.o)
 .text          0x0800c980        0x0 c:/program files (x86)/gnu arm embedded toolchain/10 2021.10/bin/../lib/gcc/arm-none-eabi/10.3.1/../../../../arm-none-eabi/lib/thumb/v7e-m/nofp\libc.a(lib_a-readr.o)
 .text          0x0800c980      0x2dc c:/program files (x86)/gnu arm embedded toolchain/10 2021.10/bin/../lib/gcc/arm-none-eabi/10.3.1/../../../../arm-none-eabi/lib/thumb/v7e-m/nofp\libc.a(lib_a-strcmp.o)
                0x0800c988                strcmp
 .text          0x0800cc5c        0x0 c:/program files (x86)/gnu arm embedded toolchain/10 2021.10/bin/../lib/gcc/arm-none-eabi/10.3.1/../../../../arm-none-eabi/lib/thumb/v7e-m/nofp\libc.a(lib_a-wcrtomb.o)
 .text          0x0800cc5c        0x0 c:/program files (x86)/gnu arm embedded toolchain/10 2021.10/bin/../lib/gcc/arm-none-eabi/10.3.1/../../../../arm-none-eabi/lib/thumb/v7e-m/nofp\libc.a(lib_a-wctomb_r.o)
 .text          0x0800cc5c        0x0 c:/program files (x86)/gnu arm embedded toolchain/10 2021.10/bin/../lib/gcc/arm-none-eabi/10.3.1/../../../../arm-none-eabi/lib/thumb/v7e-m/nofp\libc.a(lib_a-abort.o)
 .text          0x0800cc5c        0x0 c:/program files (x86)/gnu arm embedded toolchain/10 2021.10/bin/../lib/gcc/arm-none-eabi/10.3.1/../../../../arm-none-eabi/lib/thumb/v7e-m/nofp\libc.a(lib_a-ctype_.o)
 .text          0x0800cc5c        0x0 c:/program files (x86)/gnu arm embedded toolchain/10 2021.10/bin/../lib/gcc/arm-none-eabi/10.3.1/../../../../arm-none-eabi/lib/thumb/v7e-m/nofp\libc.a(lib_a-signal.o)
 .text          0x0800cc5c        0x0 c:/program files (x86)/gnu arm embedded toolchain/10 2021.10/bin/../lib/gcc/arm-none-eabi/10.3.1/../../../../arm-none-eabi/lib/thumb/v7e-m/nofp\libc.a(lib_a-signalr.o)
 .text          0x0800cc5c      0x254 c:/program files (x86)/gnu arm embedded toolchain/10 2021.10/bin/../lib/gcc/arm-none-eabi/10.3.1/thumb/v7e-m/nofp\libgcc.a(_arm_muldf3.o)
 .text          0x0800ceb0      0x378 c:/program files (x86)/gnu arm embedded toolchain/10 2021.10/bin/../lib/gcc/arm-none-eabi/10.3.1/thumb/v7e-m/nofp\libgcc.a(_arm_addsubdf3.o)
                0x0800ceb0                __aeabi_drsub
                0x0800ceb8                __aeabi_dsub
                0x0800ceb8                __subdf3
                0x0800cebc                __aeabi_dadd
                0x0800cebc                __adddf3
                0x0800d134                __floatunsidf
                0x0800d134                __aeabi_ui2d
                0x0800d154                __floatsidf
                0x0800d154                __aeabi_i2d
                0x0800d178                __aeabi_f2d
                0x0800d178                __extendsfdf2
                0x0800d1bc                __floatundidf
                0x0800d1bc                __aeabi_ul2d
                0x0800d1cc                __floatdidf
                0x0800d1cc                __aeabi_l2d
 .text          0x0800d228      0x424 c:/program files (x86)/gnu arm embedded toolchain/10 2021.10/bin/../lib/gcc/arm-none-eabi/10.3.1/thumb/v7e-m/nofp\libgcc.a(_arm_muldivdf3.o)
                0x0800d228                __aeabi_dmul
                0x0800d228                __muldf3
                0x0800d47c                __divdf3
                0x0800d47c                __aeabi_ddiv
 .text          0x0800d64c      0x110 c:/program files (x86)/gnu arm embedded toolchain/10 2021.10/bin/../lib/gcc/arm-none-eabi/10.3.1/thumb/v7e-m/nofp\libgcc.a(_arm_cmpdf2.o)
                0x0800d64c                __gtdf2
                0x0800d64c                __gedf2
                0x0800d654                __ltdf2
                0x0800d654                __ledf2
                0x0800d65c                __nedf2
                0x0800d65c                __eqdf2
                0x0800d65c                __cmpdf2
                0x0800d6d8                __aeabi_cdrcmple
                0x0800d6e8                __aeabi_cdcmpeq
                0x0800d6e8                __aeabi_cdcmple
                0x0800d6f8                __aeabi_dcmpeq
                0x0800d70c                __aeabi_dcmplt
                0x0800d720                __aeabi_dcmple
                0x0800d734                __aeabi_dcmpge
                0x0800d748                __aeabi_dcmpgt
 .text          0x0800d75c       0x2c c:/program files (x86)/gnu arm embedded toolchain/10 2021.10/bin/../lib/gcc/arm-none-eabi/10.3.1/thumb/v7e-m/nofp\libgcc.a(_arm_unorddf2.o)
                0x0800d75c                __unorddf2
                0x0800d75c                __aeabi_dcmpun
 .text          0x0800d788       0x50 c:/program files (x86)/gnu arm embedded toolchain/10 2021.10/bin/../lib/gcc/arm-none-eabi/10.3.1/thumb/v7e-m/nofp\libgcc.a(_arm_fixdfsi.o)
                0x0800d788                __aeabi_d2iz
                0x0800d788                __fixdfsi
 .text          0x0800d7d8        0x0 c:/program files (x86)/gnu arm embedded toolchain/10 2021.10/bin/../lib/gcc/arm-none-eabi/10.3.1/../../../../arm-none-eabi/lib/thumb/v7e-m/nofp\librdimon.a(rdimon-syscalls.o)
 .text          0x0800d7d8        0x0 c:/program files (x86)/gnu arm embedded toolchain/10 2021.10/bin/../lib/gcc/arm-none-eabi/10.3.1/../../../../arm-none-eabi/lib/thumb/v7e-m/nofp\librdimon.a(rdimon-_exit.o)
 .text          0x0800d7d8        0x0 c:/program files (x86)/gnu arm embedded toolchain/10 2021.10/bin/../lib/gcc/arm-none-eabi/10.3.1/../../../../arm-none-eabi/lib/thumb/v7e-m/nofp\librdimon.a(rdimon-_kill.o)
 .text          0x0800d7d8        0x0 c:/program files (x86)/gnu arm embedded toolchain/10 2021.10/bin/../lib/gcc/arm-none-eabi/10.3.1/thumb/v7e-m/nofp/crtend.o
 .text          0x0800d7d8        0x0 c:/program files (x86)/gnu arm embedded toolchain/10 2021.10/bin/../lib/gcc/arm-none-eabi/10.3.1/thumb/v7e-m/nofp/crtn.o
 *(.text.*)
 .text.exit     0x0800d7d8       0x20 c:/program files (x86)/gnu arm embedded toolchain/10 2021.10/bin/../lib/gcc/arm-none-eabi/10.3.1/../../../../arm-none-eabi/lib/thumb/v7e-m/nofp\libc.a(lib_a-exit.o)
                0x0800d7d8                exit
 .text.__libc_init_array
                0x0800d7f8       0x48 c:/program files (x86)/gnu arm embedded toolchain/10 2021.10/bin/../lib/gcc/arm-none-eabi/10.3.1/../../../../arm-none-eabi/lib/thumb/v7e-m/nofp\libc.a(lib_a-init.o)
                0x0800d7f8                __libc_init_array
 .text.malloc   0x0800d840       0x10 c:/program files (x86)/gnu arm embedded toolchain/10 2021.10/bin/../lib/gcc/arm-none-eabi/10.3.1/../../../../arm-none-eabi/lib/thumb/v7e-m/nofp\libc.a(lib_a-malloc.o)
                0x0800d840                malloc
 .text.free     0x0800d850       0x10 c:/program files (x86)/gnu arm embedded toolchain/10 2021.10/bin/../lib/gcc/arm-none-eabi/10.3.1/../../../../arm-none-eabi/lib/thumb/v7e-m/nofp\libc.a(lib_a-malloc.o)
                0x0800d850                free
 .text._malloc_r
                0x0800d860      0x560 c:/program files (x86)/gnu arm embedded toolchain/10 2021.10/bin/../lib/gcc/arm-none-eabi/10.3.1/../../../../arm-none-eabi/lib/thumb/v7e-m/nofp\libc.a(lib_a-mallocr.o)
                0x0800d860                _malloc_r
 .text.memset   0x0800ddc0       0xa4 c:/program files (x86)/gnu arm embedded toolchain/10 2021.10/bin/../lib/gcc/arm-none-eabi/10.3.1/../../../../arm-none-eabi/lib/thumb/v7e-m/nofp\libc.a(lib_a-memset.o)
                0x0800ddc0                memset
 .text.__malloc_lock
                0x0800de64        0xc c:/program files (x86)/gnu arm embedded toolchain/10 2021.10/bin/../lib/gcc/arm-none-eabi/10.3.1/../../../../arm-none-eabi/lib/thumb/v7e-m/nofp\libc.a(lib_a-mlock.o)
                0x0800de64                __malloc_lock
 .text.__malloc_unlock
                0x0800de70        0xc c:/program files (x86)/gnu arm embedded toolchain/10 2021.10/bin/../lib/gcc/arm-none-eabi/10.3.1/../../../../arm-none-eabi/lib/thumb/v7e-m/nofp\libc.a(lib_a-mlock.o)
                0x0800de70                __malloc_unlock
 .text._printf_r
                0x0800de7c       0x20 c:/program files (x86)/gnu arm embedded toolchain/10 2021.10/bin/../lib/gcc/arm-none-eabi/10.3.1/../../../../arm-none-eabi/lib/thumb/v7e-m/nofp\libc.a(lib_a-printf.o)
                0x0800de7c                _printf_r
 .text.printf   0x0800de9c       0x28 c:/program files (x86)/gnu arm embedded toolchain/10 2021.10/bin/../lib/gcc/arm-none-eabi/10.3.1/../../../../arm-none-eabi/lib/thumb/v7e-m/nofp\libc.a(lib_a-printf.o)
                0x0800de9c                printf
 .text._putchar_r
                0x0800dec4        0x8 c:/program files (x86)/gnu arm embedded toolchain/10 2021.10/bin/../lib/gcc/arm-none-eabi/10.3.1/../../../../arm-none-eabi/lib/thumb/v7e-m/nofp\libc.a(lib_a-putchar.o)
                0x0800dec4                _putchar_r
 .text.putchar  0x0800decc       0x10 c:/program files (x86)/gnu arm embedded toolchain/10 2021.10/bin/../lib/gcc/arm-none-eabi/10.3.1/../../../../arm-none-eabi/lib/thumb/v7e-m/nofp\libc.a(lib_a-putchar.o)
                0x0800decc                putchar
 .text._puts_r  0x0800dedc       0x9c c:/program files (x86)/gnu arm embedded toolchain/10 2021.10/bin/../lib/gcc/arm-none-eabi/10.3.1/../../../../arm-none-eabi/lib/thumb/v7e-m/nofp\libc.a(lib_a-puts.o)
                0x0800dedc                _puts_r
 .text.puts     0x0800df78       0x10 c:/program files (x86)/gnu arm embedded toolchain/10 2021.10/bin/../lib/gcc/arm-none-eabi/10.3.1/../../../../arm-none-eabi/lib/thumb/v7e-m/nofp\libc.a(lib_a-puts.o)
                0x0800df78                puts
 .text._sbrk_r  0x0800df88       0x24 c:/program files (x86)/gnu arm embedded toolchain/10 2021.10/bin/../lib/gcc/arm-none-eabi/10.3.1/../../../../arm-none-eabi/lib/thumb/v7e-m/nofp\libc.a(lib_a-sbrkr.o)
                0x0800df88                _sbrk_r
 .text._vfprintf_r
                0x0800dfac     0x1ad4 c:/program files (x86)/gnu arm embedded toolchain/10 2021.10/bin/../lib/gcc/arm-none-eabi/10.3.1/../../../../arm-none-eabi/lib/thumb/v7e-m/nofp\libc.a(lib_a-vfprintf.o)
                0x0800dfac                _vfprintf_r
 .text.vfprintf
                0x0800fa80       0x18 c:/program files (x86)/gnu arm embedded toolchain/10 2021.10/bin/../lib/gcc/arm-none-eabi/10.3.1/../../../../arm-none-eabi/lib/thumb/v7e-m/nofp\libc.a(lib_a-vfprintf.o)
                0x0800fa80                vfprintf
 .text.__sbprintf
                0x0800fa98       0x80 c:/program files (x86)/gnu arm embedded toolchain/10 2021.10/bin/../lib/gcc/arm-none-eabi/10.3.1/../../../../arm-none-eabi/lib/thumb/v7e-m/nofp\libc.a(lib_a-vfprintf.o)
 .text.__swsetup_r
                0x0800fb18       0xd4 c:/program files (x86)/gnu arm embedded toolchain/10 2021.10/bin/../lib/gcc/arm-none-eabi/10.3.1/../../../../arm-none-eabi/lib/thumb/v7e-m/nofp\libc.a(lib_a-wsetup.o)
                0x0800fb18                __swsetup_r
 .text.startup.register_fini
                0x0800fbec       0x14 c:/program files (x86)/gnu arm embedded toolchain/10 2021.10/bin/../lib/gcc/arm-none-eabi/10.3.1/../../../../arm-none-eabi/lib/thumb/v7e-m/nofp\libc.a(lib_a-__call_atexit.o)
 .text.__call_exitprocs
                0x0800fc00       0xc4 c:/program files (x86)/gnu arm embedded toolchain/10 2021.10/bin/../lib/gcc/arm-none-eabi/10.3.1/../../../../arm-none-eabi/lib/thumb/v7e-m/nofp\libc.a(lib_a-__call_atexit.o)
                0x0800fc00                __call_exitprocs
 .text.atexit   0x0800fcc4        0xc c:/program files (x86)/gnu arm embedded toolchain/10 2021.10/bin/../lib/gcc/arm-none-eabi/10.3.1/../../../../arm-none-eabi/lib/thumb/v7e-m/nofp\libc.a(lib_a-atexit.o)
                0x0800fcc4                atexit
 .text.quorem   0x0800fcd0      0x124 c:/program files (x86)/gnu arm embedded toolchain/10 2021.10/bin/../lib/gcc/arm-none-eabi/10.3.1/../../../../arm-none-eabi/lib/thumb/v7e-m/nofp\libc.a(lib_a-dtoa.o)
 *fill*         0x0800fdf4        0x4 
 .text._dtoa_r  0x0800fdf8      0xec4 c:/program files (x86)/gnu arm embedded toolchain/10 2021.10/bin/../lib/gcc/arm-none-eabi/10.3.1/../../../../arm-none-eabi/lib/thumb/v7e-m/nofp\libc.a(lib_a-dtoa.o)
                0x0800fdf8                _dtoa_r
 .text.__sflush_r
                0x08010cbc      0x120 c:/program files (x86)/gnu arm embedded toolchain/10 2021.10/bin/../lib/gcc/arm-none-eabi/10.3.1/../../../../arm-none-eabi/lib/thumb/v7e-m/nofp\libc.a(lib_a-fflush.o)
                0x08010cbc                __sflush_r
 .text._fflush_r
                0x08010ddc       0x5c c:/program files (x86)/gnu arm embedded toolchain/10 2021.10/bin/../lib/gcc/arm-none-eabi/10.3.1/../../../../arm-none-eabi/lib/thumb/v7e-m/nofp\libc.a(lib_a-fflush.o)
                0x08010ddc                _fflush_r
 .text.fflush   0x08010e38       0x74 c:/program files (x86)/gnu arm embedded toolchain/10 2021.10/bin/../lib/gcc/arm-none-eabi/10.3.1/../../../../arm-none-eabi/lib/thumb/v7e-m/nofp\libc.a(lib_a-fflush.o)
                0x08010e38                fflush
 .text._cleanup_r
                0x08010eac        0xc c:/program files (x86)/gnu arm embedded toolchain/10 2021.10/bin/../lib/gcc/arm-none-eabi/10.3.1/../../../../arm-none-eabi/lib/thumb/v7e-m/nofp\libc.a(lib_a-findfp.o)
                0x08010eac                _cleanup_r
 .text.__fp_lock
                0x08010eb8       0x1c c:/program files (x86)/gnu arm embedded toolchain/10 2021.10/bin/../lib/gcc/arm-none-eabi/10.3.1/../../../../arm-none-eabi/lib/thumb/v7e-m/nofp\libc.a(lib_a-findfp.o)
 .text.__fp_unlock
                0x08010ed4       0x1c c:/program files (x86)/gnu arm embedded toolchain/10 2021.10/bin/../lib/gcc/arm-none-eabi/10.3.1/../../../../arm-none-eabi/lib/thumb/v7e-m/nofp\libc.a(lib_a-findfp.o)
 .text.__sfmoreglue
                0x08010ef0       0x30 c:/program files (x86)/gnu arm embedded toolchain/10 2021.10/bin/../lib/gcc/arm-none-eabi/10.3.1/../../../../arm-none-eabi/lib/thumb/v7e-m/nofp\libc.a(lib_a-findfp.o)
                0x08010ef0                __sfmoreglue
 .text._cleanup
                0x08010f20       0x14 c:/program files (x86)/gnu arm embedded toolchain/10 2021.10/bin/../lib/gcc/arm-none-eabi/10.3.1/../../../../arm-none-eabi/lib/thumb/v7e-m/nofp\libc.a(lib_a-findfp.o)
                0x08010f20                _cleanup
 .text.__sinit  0x08010f34      0x10c c:/program files (x86)/gnu arm embedded toolchain/10 2021.10/bin/../lib/gcc/arm-none-eabi/10.3.1/../../../../arm-none-eabi/lib/thumb/v7e-m/nofp\libc.a(lib_a-findfp.o)
                0x08010f34                __sinit
 .text.__sfp    0x08011040       0xc8 c:/program files (x86)/gnu arm embedded toolchain/10 2021.10/bin/../lib/gcc/arm-none-eabi/10.3.1/../../../../arm-none-eabi/lib/thumb/v7e-m/nofp\libc.a(lib_a-findfp.o)
                0x08011040                __sfp
 .text.__sfp_lock_acquire
                0x08011108        0xc c:/program files (x86)/gnu arm embedded toolchain/10 2021.10/bin/../lib/gcc/arm-none-eabi/10.3.1/../../../../arm-none-eabi/lib/thumb/v7e-m/nofp\libc.a(lib_a-findfp.o)
                0x08011108                __sfp_lock_acquire
 .text.__sfp_lock_release
                0x08011114        0xc c:/program files (x86)/gnu arm embedded toolchain/10 2021.10/bin/../lib/gcc/arm-none-eabi/10.3.1/../../../../arm-none-eabi/lib/thumb/v7e-m/nofp\libc.a(lib_a-findfp.o)
                0x08011114                __sfp_lock_release
 .text.__sinit_lock_acquire
                0x08011120        0xc c:/program files (x86)/gnu arm embedded toolchain/10 2021.10/bin/../lib/gcc/arm-none-eabi/10.3.1/../../../../arm-none-eabi/lib/thumb/v7e-m/nofp\libc.a(lib_a-findfp.o)
                0x08011120                __sinit_lock_acquire
 .text.__sinit_lock_release
                0x0801112c        0xc c:/program files (x86)/gnu arm embedded toolchain/10 2021.10/bin/../lib/gcc/arm-none-eabi/10.3.1/../../../../arm-none-eabi/lib/thumb/v7e-m/nofp\libc.a(lib_a-findfp.o)
                0x0801112c                __sinit_lock_release
 .text.__fp_lock_all
                0x08011138       0x24 c:/program files (x86)/gnu arm embedded toolchain/10 2021.10/bin/../lib/gcc/arm-none-eabi/10.3.1/../../../../arm-none-eabi/lib/thumb/v7e-m/nofp\libc.a(lib_a-findfp.o)
                0x08011138                __fp_lock_all
 .text.__fp_unlock_all
                0x0801115c       0x24 c:/program files (x86)/gnu arm embedded toolchain/10 2021.10/bin/../lib/gcc/arm-none-eabi/10.3.1/../../../../arm-none-eabi/lib/thumb/v7e-m/nofp\libc.a(lib_a-findfp.o)
                0x0801115c                __fp_unlock_all
 .text.__libc_fini_array
                0x08011180       0x2c c:/program files (x86)/gnu arm embedded toolchain/10 2021.10/bin/../lib/gcc/arm-none-eabi/10.3.1/../../../../arm-none-eabi/lib/thumb/v7e-m/nofp\libc.a(lib_a-fini.o)
                0x08011180                __libc_fini_array
 .text._malloc_trim_r
                0x080111ac       0xa0 c:/program files (x86)/gnu arm embedded toolchain/10 2021.10/bin/../lib/gcc/arm-none-eabi/10.3.1/../../../../arm-none-eabi/lib/thumb/v7e-m/nofp\libc.a(lib_a-freer.o)
                0x080111ac                _malloc_trim_r
 .text._free_r  0x0801124c      0x20c c:/program files (x86)/gnu arm embedded toolchain/10 2021.10/bin/../lib/gcc/arm-none-eabi/10.3.1/../../../../arm-none-eabi/lib/thumb/v7e-m/nofp\libc.a(lib_a-freer.o)
                0x0801124c                _free_r
 .text.__sfvwrite_r
                0x08011458      0x2e8 c:/program files (x86)/gnu arm embedded toolchain/10 2021.10/bin/../lib/gcc/arm-none-eabi/10.3.1/../../../../arm-none-eabi/lib/thumb/v7e-m/nofp\libc.a(lib_a-fvwrite.o)
                0x08011458                __sfvwrite_r
 .text._fwalk   0x08011740       0x40 c:/program files (x86)/gnu arm embedded toolchain/10 2021.10/bin/../lib/gcc/arm-none-eabi/10.3.1/../../../../arm-none-eabi/lib/thumb/v7e-m/nofp\libc.a(lib_a-fwalk.o)
                0x08011740                _fwalk
 .text._fwalk_reent
                0x08011780       0x48 c:/program files (x86)/gnu arm embedded toolchain/10 2021.10/bin/../lib/gcc/arm-none-eabi/10.3.1/../../../../arm-none-eabi/lib/thumb/v7e-m/nofp\libc.a(lib_a-fwalk.o)
                0x08011780                _fwalk_reent
 .text.__localeconv_l
                0x080117c8        0x4 c:/program files (x86)/gnu arm embedded toolchain/10 2021.10/bin/../lib/gcc/arm-none-eabi/10.3.1/../../../../arm-none-eabi/lib/thumb/v7e-m/nofp\libc.a(lib_a-localeconv.o)
                0x080117c8                __localeconv_l
 .text._localeconv_r
                0x080117cc        0x8 c:/program files (x86)/gnu arm embedded toolchain/10 2021.10/bin/../lib/gcc/arm-none-eabi/10.3.1/../../../../arm-none-eabi/lib/thumb/v7e-m/nofp\libc.a(lib_a-localeconv.o)
                0x080117cc                _localeconv_r
 .text.localeconv
                0x080117d4        0x8 c:/program files (x86)/gnu arm embedded toolchain/10 2021.10/bin/../lib/gcc/arm-none-eabi/10.3.1/../../../../arm-none-eabi/lib/thumb/v7e-m/nofp\libc.a(lib_a-localeconv.o)
                0x080117d4                localeconv
 .text.__retarget_lock_init
                0x080117dc        0x4 c:/program files (x86)/gnu arm embedded toolchain/10 2021.10/bin/../lib/gcc/arm-none-eabi/10.3.1/../../../../arm-none-eabi/lib/thumb/v7e-m/nofp\libc.a(lib_a-lock.o)
                0x080117dc                __retarget_lock_init
 .text.__retarget_lock_init_recursive
                0x080117e0        0x4 c:/program files (x86)/gnu arm embedded toolchain/10 2021.10/bin/../lib/gcc/arm-none-eabi/10.3.1/../../../../arm-none-eabi/lib/thumb/v7e-m/nofp\libc.a(lib_a-lock.o)
                0x080117e0                __retarget_lock_init_recursive
 .text.__retarget_lock_close
                0x080117e4        0x4 c:/program files (x86)/gnu arm embedded toolchain/10 2021.10/bin/../lib/gcc/arm-none-eabi/10.3.1/../../../../arm-none-eabi/lib/thumb/v7e-m/nofp\libc.a(lib_a-lock.o)
                0x080117e4                __retarget_lock_close
 .text.__retarget_lock_close_recursive
                0x080117e8        0x4 c:/program files (x86)/gnu arm embedded toolchain/10 2021.10/bin/../lib/gcc/arm-none-eabi/10.3.1/../../../../arm-none-eabi/lib/thumb/v7e-m/nofp\libc.a(lib_a-lock.o)
                0x080117e8                __retarget_lock_close_recursive
 .text.__retarget_lock_acquire
                0x080117ec        0x4 c:/program files (x86)/gnu arm embedded toolchain/10 2021.10/bin/../lib/gcc/arm-none-eabi/10.3.1/../../../../arm-none-eabi/lib/thumb/v7e-m/nofp\libc.a(lib_a-lock.o)
                0x080117ec                __retarget_lock_acquire
 .text.__retarget_lock_acquire_recursive
                0x080117f0        0x4 c:/program files (x86)/gnu arm embedded toolchain/10 2021.10/bin/../lib/gcc/arm-none-eabi/10.3.1/../../../../arm-none-eabi/lib/thumb/v7e-m/nofp\libc.a(lib_a-lock.o)
                0x080117f0                __retarget_lock_acquire_recursive
 .text.__retarget_lock_try_acquire
                0x080117f4        0x4 c:/program files (x86)/gnu arm embedded toolchain/10 2021.10/bin/../lib/gcc/arm-none-eabi/10.3.1/../../../../arm-none-eabi/lib/thumb/v7e-m/nofp\libc.a(lib_a-lock.o)
                0x080117f4                __retarget_lock_try_acquire
 .text.__retarget_lock_try_acquire_recursive
                0x080117f8        0x4 c:/program files (x86)/gnu arm embedded toolchain/10 2021.10/bin/../lib/gcc/arm-none-eabi/10.3.1/../../../../arm-none-eabi/lib/thumb/v7e-m/nofp\libc.a(lib_a-lock.o)
                0x080117f8                __retarget_lock_try_acquire_recursive
 .text.__retarget_lock_release
                0x080117fc        0x4 c:/program files (x86)/gnu arm embedded toolchain/10 2021.10/bin/../lib/gcc/arm-none-eabi/10.3.1/../../../../arm-none-eabi/lib/thumb/v7e-m/nofp\libc.a(lib_a-lock.o)
                0x080117fc                __retarget_lock_release
 .text.__retarget_lock_release_recursive
                0x08011800        0x4 c:/program files (x86)/gnu arm embedded toolchain/10 2021.10/bin/../lib/gcc/arm-none-eabi/10.3.1/../../../../arm-none-eabi/lib/thumb/v7e-m/nofp\libc.a(lib_a-lock.o)
                0x08011800                __retarget_lock_release_recursive
 .text.__smakebuf_r
                0x08011804       0xe0 c:/program files (x86)/gnu arm embedded toolchain/10 2021.10/bin/../lib/gcc/arm-none-eabi/10.3.1/../../../../arm-none-eabi/lib/thumb/v7e-m/nofp\libc.a(lib_a-makebuf.o)
                0x08011804                __smakebuf_r
 .text.__swhatbuf_r
                0x080118e4       0x60 c:/program files (x86)/gnu arm embedded toolchain/10 2021.10/bin/../lib/gcc/arm-none-eabi/10.3.1/../../../../arm-none-eabi/lib/thumb/v7e-m/nofp\libc.a(lib_a-makebuf.o)
                0x080118e4                __swhatbuf_r
 .text.memmove  0x08011944       0xf8 c:/program files (x86)/gnu arm embedded toolchain/10 2021.10/bin/../lib/gcc/arm-none-eabi/10.3.1/../../../../arm-none-eabi/lib/thumb/v7e-m/nofp\libc.a(lib_a-memmove.o)
                0x08011944                memmove
 .text._Balloc  0x08011a3c       0x4c c:/program files (x86)/gnu arm embedded toolchain/10 2021.10/bin/../lib/gcc/arm-none-eabi/10.3.1/../../../../arm-none-eabi/lib/thumb/v7e-m/nofp\libc.a(lib_a-mprec.o)
                0x08011a3c                _Balloc
 .text._Bfree   0x08011a88       0x14 c:/program files (x86)/gnu arm embedded toolchain/10 2021.10/bin/../lib/gcc/arm-none-eabi/10.3.1/../../../../arm-none-eabi/lib/thumb/v7e-m/nofp\libc.a(lib_a-mprec.o)
                0x08011a88                _Bfree
 .text.__multadd
                0x08011a9c       0xa0 c:/program files (x86)/gnu arm embedded toolchain/10 2021.10/bin/../lib/gcc/arm-none-eabi/10.3.1/../../../../arm-none-eabi/lib/thumb/v7e-m/nofp\libc.a(lib_a-mprec.o)
                0x08011a9c                __multadd
 .text.__s2b    0x08011b3c       0xb4 c:/program files (x86)/gnu arm embedded toolchain/10 2021.10/bin/../lib/gcc/arm-none-eabi/10.3.1/../../../../arm-none-eabi/lib/thumb/v7e-m/nofp\libc.a(lib_a-mprec.o)
                0x08011b3c                __s2b
 .text.__hi0bits
                0x08011bf0       0x40 c:/program files (x86)/gnu arm embedded toolchain/10 2021.10/bin/../lib/gcc/arm-none-eabi/10.3.1/../../../../arm-none-eabi/lib/thumb/v7e-m/nofp\libc.a(lib_a-mprec.o)
                0x08011bf0                __hi0bits
 .text.__lo0bits
                0x08011c30       0x5c c:/program files (x86)/gnu arm embedded toolchain/10 2021.10/bin/../lib/gcc/arm-none-eabi/10.3.1/../../../../arm-none-eabi/lib/thumb/v7e-m/nofp\libc.a(lib_a-mprec.o)
                0x08011c30                __lo0bits
 .text.__i2b    0x08011c8c       0x5c c:/program files (x86)/gnu arm embedded toolchain/10 2021.10/bin/../lib/gcc/arm-none-eabi/10.3.1/../../../../arm-none-eabi/lib/thumb/v7e-m/nofp\libc.a(lib_a-mprec.o)
                0x08011c8c                __i2b
 .text.__multiply
                0x08011ce8      0x15c c:/program files (x86)/gnu arm embedded toolchain/10 2021.10/bin/../lib/gcc/arm-none-eabi/10.3.1/../../../../arm-none-eabi/lib/thumb/v7e-m/nofp\libc.a(lib_a-mprec.o)
                0x08011ce8                __multiply
 .text.__pow5mult
                0x08011e44       0xc0 c:/program files (x86)/gnu arm embedded toolchain/10 2021.10/bin/../lib/gcc/arm-none-eabi/10.3.1/../../../../arm-none-eabi/lib/thumb/v7e-m/nofp\libc.a(lib_a-mprec.o)
                0x08011e44                __pow5mult
 .text.__lshift
                0x08011f04       0xf0 c:/program files (x86)/gnu arm embedded toolchain/10 2021.10/bin/../lib/gcc/arm-none-eabi/10.3.1/../../../../arm-none-eabi/lib/thumb/v7e-m/nofp\libc.a(lib_a-mprec.o)
                0x08011f04                __lshift
 .text.__mcmp   0x08011ff4       0x40 c:/program files (x86)/gnu arm embedded toolchain/10 2021.10/bin/../lib/gcc/arm-none-eabi/10.3.1/../../../../arm-none-eabi/lib/thumb/v7e-m/nofp\libc.a(lib_a-mprec.o)
                0x08011ff4                __mcmp
 .text.__mdiff  0x08012034      0x14c c:/program files (x86)/gnu arm embedded toolchain/10 2021.10/bin/../lib/gcc/arm-none-eabi/10.3.1/../../../../arm-none-eabi/lib/thumb/v7e-m/nofp\libc.a(lib_a-mprec.o)
                0x08012034                __mdiff
 .text.__ulp    0x08012180       0x44 c:/program files (x86)/gnu arm embedded toolchain/10 2021.10/bin/../lib/gcc/arm-none-eabi/10.3.1/../../../../arm-none-eabi/lib/thumb/v7e-m/nofp\libc.a(lib_a-mprec.o)
                0x08012180                __ulp
 .text.__b2d    0x080121c4       0xd0 c:/program files (x86)/gnu arm embedded toolchain/10 2021.10/bin/../lib/gcc/arm-none-eabi/10.3.1/../../../../arm-none-eabi/lib/thumb/v7e-m/nofp\libc.a(lib_a-mprec.o)
                0x080121c4                __b2d
 .text.__d2b    0x08012294       0xc4 c:/program files (x86)/gnu arm embedded toolchain/10 2021.10/bin/../lib/gcc/arm-none-eabi/10.3.1/../../../../arm-none-eabi/lib/thumb/v7e-m/nofp\libc.a(lib_a-mprec.o)
                0x08012294                __d2b
 .text.__ratio  0x08012358       0x5c c:/program files (x86)/gnu arm embedded toolchain/10 2021.10/bin/../lib/gcc/arm-none-eabi/10.3.1/../../../../arm-none-eabi/lib/thumb/v7e-m/nofp\libc.a(lib_a-mprec.o)
                0x08012358                __ratio
 .text._mprec_log10
                0x080123b4       0x38 c:/program files (x86)/gnu arm embedded toolchain/10 2021.10/bin/../lib/gcc/arm-none-eabi/10.3.1/../../../../arm-none-eabi/lib/thumb/v7e-m/nofp\libc.a(lib_a-mprec.o)
                0x080123b4                _mprec_log10
 .text.__copybits
                0x080123ec       0x5c c:/program files (x86)/gnu arm embedded toolchain/10 2021.10/bin/../lib/gcc/arm-none-eabi/10.3.1/../../../../arm-none-eabi/lib/thumb/v7e-m/nofp\libc.a(lib_a-mprec.o)
                0x080123ec                __copybits
 .text.__any_on
                0x08012448       0x60 c:/program files (x86)/gnu arm embedded toolchain/10 2021.10/bin/../lib/gcc/arm-none-eabi/10.3.1/../../../../arm-none-eabi/lib/thumb/v7e-m/nofp\libc.a(lib_a-mprec.o)
                0x08012448                __any_on
 .text._putc_r  0x080124a8       0x74 c:/program files (x86)/gnu arm embedded toolchain/10 2021.10/bin/../lib/gcc/arm-none-eabi/10.3.1/../../../../arm-none-eabi/lib/thumb/v7e-m/nofp\libc.a(lib_a-putc.o)
                0x080124a8                _putc_r
 .text.putc     0x0801251c       0x7c c:/program files (x86)/gnu arm embedded toolchain/10 2021.10/bin/../lib/gcc/arm-none-eabi/10.3.1/../../../../arm-none-eabi/lib/thumb/v7e-m/nofp\libc.a(lib_a-putc.o)
                0x0801251c                putc
 .text._realloc_r
                0x08012598      0x3d8 c:/program files (x86)/gnu arm embedded toolchain/10 2021.10/bin/../lib/gcc/arm-none-eabi/10.3.1/../../../../arm-none-eabi/lib/thumb/v7e-m/nofp\libc.a(lib_a-reallocr.o)
                0x08012598                _realloc_r
 .text.cleanup_glue
                0x08012970       0x48 c:/program files (x86)/gnu arm embedded toolchain/10 2021.10/bin/../lib/gcc/arm-none-eabi/10.3.1/../../../../arm-none-eabi/lib/thumb/v7e-m/nofp\libc.a(lib_a-reent.o)
                0x08012970                cleanup_glue
 .text._reclaim_reent
                0x080129b8       0x90 c:/program files (x86)/gnu arm embedded toolchain/10 2021.10/bin/../lib/gcc/arm-none-eabi/10.3.1/../../../../arm-none-eabi/lib/thumb/v7e-m/nofp\libc.a(lib_a-reent.o)
                0x080129b8                _reclaim_reent
 .text.frexp    0x08012a48       0x70 c:/program files (x86)/gnu arm embedded toolchain/10 2021.10/bin/../lib/gcc/arm-none-eabi/10.3.1/../../../../arm-none-eabi/lib/thumb/v7e-m/nofp\libc.a(lib_a-s_frexp.o)
                0x08012a48                frexp
 .text.__sread  0x08012ab8       0x24 c:/program files (x86)/gnu arm embedded toolchain/10 2021.10/bin/../lib/gcc/arm-none-eabi/10.3.1/../../../../arm-none-eabi/lib/thumb/v7e-m/nofp\libc.a(lib_a-stdio.o)
                0x08012ab8                __sread
 .text.__seofread
                0x08012adc        0x4 c:/program files (x86)/gnu arm embedded toolchain/10 2021.10/bin/../lib/gcc/arm-none-eabi/10.3.1/../../../../arm-none-eabi/lib/thumb/v7e-m/nofp\libc.a(lib_a-stdio.o)
                0x08012adc                __seofread
 .text.__swrite
                0x08012ae0       0x40 c:/program files (x86)/gnu arm embedded toolchain/10 2021.10/bin/../lib/gcc/arm-none-eabi/10.3.1/../../../../arm-none-eabi/lib/thumb/v7e-m/nofp\libc.a(lib_a-stdio.o)
                0x08012ae0                __swrite
 .text.__sseek  0x08012b20       0x20 c:/program files (x86)/gnu arm embedded toolchain/10 2021.10/bin/../lib/gcc/arm-none-eabi/10.3.1/../../../../arm-none-eabi/lib/thumb/v7e-m/nofp\libc.a(lib_a-stdio.o)
                0x08012b20                __sseek
 .text.__sclose
                0x08012b40        0x8 c:/program files (x86)/gnu arm embedded toolchain/10 2021.10/bin/../lib/gcc/arm-none-eabi/10.3.1/../../../../arm-none-eabi/lib/thumb/v7e-m/nofp\libc.a(lib_a-stdio.o)
                0x08012b40                __sclose
 .text.strncpy  0x08012b48       0x64 c:/program files (x86)/gnu arm embedded toolchain/10 2021.10/bin/../lib/gcc/arm-none-eabi/10.3.1/../../../../arm-none-eabi/lib/thumb/v7e-m/nofp\libc.a(lib_a-strncpy.o)
                0x08012b48                strncpy
 .text.__sprint_r.part.0
                0x08012bac       0x78 c:/program files (x86)/gnu arm embedded toolchain/10 2021.10/bin/../lib/gcc/arm-none-eabi/10.3.1/../../../../arm-none-eabi/lib/thumb/v7e-m/nofp\libc.a(lib_a-vfiprintf.o)
 .text.__sprint_r
                0x08012c24       0x14 c:/program files (x86)/gnu arm embedded toolchain/10 2021.10/bin/../lib/gcc/arm-none-eabi/10.3.1/../../../../arm-none-eabi/lib/thumb/v7e-m/nofp\libc.a(lib_a-vfiprintf.o)
                0x08012c24                __sprint_r
 .text._vfiprintf_r
                0x08012c38      0xda0 c:/program files (x86)/gnu arm embedded toolchain/10 2021.10/bin/../lib/gcc/arm-none-eabi/10.3.1/../../../../arm-none-eabi/lib/thumb/v7e-m/nofp\libc.a(lib_a-vfiprintf.o)
                0x08012c38                _vfiprintf_r
 .text.vfiprintf
                0x080139d8       0x18 c:/program files (x86)/gnu arm embedded toolchain/10 2021.10/bin/../lib/gcc/arm-none-eabi/10.3.1/../../../../arm-none-eabi/lib/thumb/v7e-m/nofp\libc.a(lib_a-vfiprintf.o)
                0x080139d8                vfiprintf
 .text.__sbprintf
                0x080139f0       0x80 c:/program files (x86)/gnu arm embedded toolchain/10 2021.10/bin/../lib/gcc/arm-none-eabi/10.3.1/../../../../arm-none-eabi/lib/thumb/v7e-m/nofp\libc.a(lib_a-vfiprintf.o)
 .text.__swbuf_r
                0x08013a70       0xb0 c:/program files (x86)/gnu arm embedded toolchain/10 2021.10/bin/../lib/gcc/arm-none-eabi/10.3.1/../../../../arm-none-eabi/lib/thumb/v7e-m/nofp\libc.a(lib_a-wbuf.o)
                0x08013a70                __swbuf_r
 .text.__swbuf  0x08013b20       0x18 c:/program files (x86)/gnu arm embedded toolchain/10 2021.10/bin/../lib/gcc/arm-none-eabi/10.3.1/../../../../arm-none-eabi/lib/thumb/v7e-m/nofp\libc.a(lib_a-wbuf.o)
                0x08013b20                __swbuf
 .text._write_r
                0x08013b38       0x2c c:/program files (x86)/gnu arm embedded toolchain/10 2021.10/bin/../lib/gcc/arm-none-eabi/10.3.1/../../../../arm-none-eabi/lib/thumb/v7e-m/nofp\libc.a(lib_a-writer.o)
                0x08013b38                _write_r
 .text.__register_exitproc
                0x08013b64       0x8c c:/program files (x86)/gnu arm embedded toolchain/10 2021.10/bin/../lib/gcc/arm-none-eabi/10.3.1/../../../../arm-none-eabi/lib/thumb/v7e-m/nofp\libc.a(lib_a-__atexit.o)
                0x08013b64                __register_exitproc
 .text.__assert_func
                0x08013bf0       0x40 c:/program files (x86)/gnu arm embedded toolchain/10 2021.10/bin/../lib/gcc/arm-none-eabi/10.3.1/../../../../arm-none-eabi/lib/thumb/v7e-m/nofp\libc.a(lib_a-assert.o)
                0x08013bf0                __assert_func
 .text.__assert
                0x08013c30        0xc c:/program files (x86)/gnu arm embedded toolchain/10 2021.10/bin/../lib/gcc/arm-none-eabi/10.3.1/../../../../arm-none-eabi/lib/thumb/v7e-m/nofp\libc.a(lib_a-assert.o)
                0x08013c30                __assert
 .text._calloc_r
                0x08013c3c       0x78 c:/program files (x86)/gnu arm embedded toolchain/10 2021.10/bin/../lib/gcc/arm-none-eabi/10.3.1/../../../../arm-none-eabi/lib/thumb/v7e-m/nofp\libc.a(lib_a-callocr.o)
                0x08013c3c                _calloc_r
 .text._close_r
                0x08013cb4       0x24 c:/program files (x86)/gnu arm embedded toolchain/10 2021.10/bin/../lib/gcc/arm-none-eabi/10.3.1/../../../../arm-none-eabi/lib/thumb/v7e-m/nofp\libc.a(lib_a-closer.o)
                0x08013cb4                _close_r
 .text.__errno  0x08013cd8        0xc c:/program files (x86)/gnu arm embedded toolchain/10 2021.10/bin/../lib/gcc/arm-none-eabi/10.3.1/../../../../arm-none-eabi/lib/thumb/v7e-m/nofp\libc.a(lib_a-errno.o)
                0x08013cd8                __errno
 .text._fclose_r
                0x08013ce4       0xcc c:/program files (x86)/gnu arm embedded toolchain/10 2021.10/bin/../lib/gcc/arm-none-eabi/10.3.1/../../../../arm-none-eabi/lib/thumb/v7e-m/nofp\libc.a(lib_a-fclose.o)
                0x08013ce4                _fclose_r
 .text.fclose   0x08013db0       0x10 c:/program files (x86)/gnu arm embedded toolchain/10 2021.10/bin/../lib/gcc/arm-none-eabi/10.3.1/../../../../arm-none-eabi/lib/thumb/v7e-m/nofp\libc.a(lib_a-fclose.o)
                0x08013db0                fclose
 .text._fiprintf_r
                0x08013dc0       0x1c c:/program files (x86)/gnu arm embedded toolchain/10 2021.10/bin/../lib/gcc/arm-none-eabi/10.3.1/../../../../arm-none-eabi/lib/thumb/v7e-m/nofp\libc.a(lib_a-fiprintf.o)
                0x08013dc0                _fiprintf_r
 .text.fiprintf
                0x08013ddc       0x28 c:/program files (x86)/gnu arm embedded toolchain/10 2021.10/bin/../lib/gcc/arm-none-eabi/10.3.1/../../../../arm-none-eabi/lib/thumb/v7e-m/nofp\libc.a(lib_a-fiprintf.o)
                0x08013ddc                fiprintf
 .text.__fputwc
                0x08013e04       0xa8 c:/program files (x86)/gnu arm embedded toolchain/10 2021.10/bin/../lib/gcc/arm-none-eabi/10.3.1/../../../../arm-none-eabi/lib/thumb/v7e-m/nofp\libc.a(lib_a-fputwc.o)
                0x08013e04                __fputwc
 .text._fputwc_r
                0x08013eac       0x68 c:/program files (x86)/gnu arm embedded toolchain/10 2021.10/bin/../lib/gcc/arm-none-eabi/10.3.1/../../../../arm-none-eabi/lib/thumb/v7e-m/nofp\libc.a(lib_a-fputwc.o)
                0x08013eac                _fputwc_r
 .text.fputwc   0x08013f14       0x74 c:/program files (x86)/gnu arm embedded toolchain/10 2021.10/bin/../lib/gcc/arm-none-eabi/10.3.1/../../../../arm-none-eabi/lib/thumb/v7e-m/nofp\libc.a(lib_a-fputwc.o)
                0x08013f14                fputwc
 .text._fstat_r
                0x08013f88       0x2c c:/program files (x86)/gnu arm embedded toolchain/10 2021.10/bin/../lib/gcc/arm-none-eabi/10.3.1/../../../../arm-none-eabi/lib/thumb/v7e-m/nofp\libc.a(lib_a-fstatr.o)
                0x08013f88                _fstat_r
 .text._isatty_r
                0x08013fb4       0x24 c:/program files (x86)/gnu arm embedded toolchain/10 2021.10/bin/../lib/gcc/arm-none-eabi/10.3.1/../../../../arm-none-eabi/lib/thumb/v7e-m/nofp\libc.a(lib_a-isattyr.o)
                0x08013fb4                _isatty_r
 .text._setlocale_r
                0x08013fd8       0x40 c:/program files (x86)/gnu arm embedded toolchain/10 2021.10/bin/../lib/gcc/arm-none-eabi/10.3.1/../../../../arm-none-eabi/lib/thumb/v7e-m/nofp\libc.a(lib_a-locale.o)
                0x08013fd8                _setlocale_r
 .text.__locale_mb_cur_max
                0x08014018        0xc c:/program files (x86)/gnu arm embedded toolchain/10 2021.10/bin/../lib/gcc/arm-none-eabi/10.3.1/../../../../arm-none-eabi/lib/thumb/v7e-m/nofp\libc.a(lib_a-locale.o)
                0x08014018                __locale_mb_cur_max
 .text.setlocale
                0x08014024       0x40 c:/program files (x86)/gnu arm embedded toolchain/10 2021.10/bin/../lib/gcc/arm-none-eabi/10.3.1/../../../../arm-none-eabi/lib/thumb/v7e-m/nofp\libc.a(lib_a-locale.o)
                0x08014024                setlocale
 .text._lseek_r
                0x08014064       0x2c c:/program files (x86)/gnu arm embedded toolchain/10 2021.10/bin/../lib/gcc/arm-none-eabi/10.3.1/../../../../arm-none-eabi/lib/thumb/v7e-m/nofp\libc.a(lib_a-lseekr.o)
                0x08014064                _lseek_r
 .text._mbtowc_r
                0x08014090       0x14 c:/program files (x86)/gnu arm embedded toolchain/10 2021.10/bin/../lib/gcc/arm-none-eabi/10.3.1/../../../../arm-none-eabi/lib/thumb/v7e-m/nofp\libc.a(lib_a-mbtowc_r.o)
                0x08014090                _mbtowc_r
 .text.__ascii_mbtowc
                0x080140a4       0x2c c:/program files (x86)/gnu arm embedded toolchain/10 2021.10/bin/../lib/gcc/arm-none-eabi/10.3.1/../../../../arm-none-eabi/lib/thumb/v7e-m/nofp\libc.a(lib_a-mbtowc_r.o)
                0x080140a4                __ascii_mbtowc
 .text._read_r  0x080140d0       0x2c c:/program files (x86)/gnu arm embedded toolchain/10 2021.10/bin/../lib/gcc/arm-none-eabi/10.3.1/../../../../arm-none-eabi/lib/thumb/v7e-m/nofp\libc.a(lib_a-readr.o)
                0x080140d0                _read_r
 .text._wcrtomb_r
                0x080140fc       0x3c c:/program files (x86)/gnu arm embedded toolchain/10 2021.10/bin/../lib/gcc/arm-none-eabi/10.3.1/../../../../arm-none-eabi/lib/thumb/v7e-m/nofp\libc.a(lib_a-wcrtomb.o)
                0x080140fc                _wcrtomb_r
 .text.wcrtomb  0x08014138       0x50 c:/program files (x86)/gnu arm embedded toolchain/10 2021.10/bin/../lib/gcc/arm-none-eabi/10.3.1/../../../../arm-none-eabi/lib/thumb/v7e-m/nofp\libc.a(lib_a-wcrtomb.o)
                0x08014138                wcrtomb
 .text._wctomb_r
                0x08014188       0x14 c:/program files (x86)/gnu arm embedded toolchain/10 2021.10/bin/../lib/gcc/arm-none-eabi/10.3.1/../../../../arm-none-eabi/lib/thumb/v7e-m/nofp\libc.a(lib_a-wctomb_r.o)
                0x08014188                _wctomb_r
 .text.__ascii_wctomb
                0x0801419c       0x1c c:/program files (x86)/gnu arm embedded toolchain/10 2021.10/bin/../lib/gcc/arm-none-eabi/10.3.1/../../../../arm-none-eabi/lib/thumb/v7e-m/nofp\libc.a(lib_a-wctomb_r.o)
                0x0801419c                __ascii_wctomb
 .text.abort    0x080141b8       0x10 c:/program files (x86)/gnu arm embedded toolchain/10 2021.10/bin/../lib/gcc/arm-none-eabi/10.3.1/../../../../arm-none-eabi/lib/thumb/v7e-m/nofp\libc.a(lib_a-abort.o)
                0x080141b8                abort
 .text._init_signal_r
                0x080141c8       0x30 c:/program files (x86)/gnu arm embedded toolchain/10 2021.10/bin/../lib/gcc/arm-none-eabi/10.3.1/../../../../arm-none-eabi/lib/thumb/v7e-m/nofp\libc.a(lib_a-signal.o)
                0x080141c8                _init_signal_r
 .text._signal_r
                0x080141f8       0x4c c:/program files (x86)/gnu arm embedded toolchain/10 2021.10/bin/../lib/gcc/arm-none-eabi/10.3.1/../../../../arm-none-eabi/lib/thumb/v7e-m/nofp\libc.a(lib_a-signal.o)
                0x080141f8                _signal_r
 .text._raise_r
                0x08014244       0x58 c:/program files (x86)/gnu arm embedded toolchain/10 2021.10/bin/../lib/gcc/arm-none-eabi/10.3.1/../../../../arm-none-eabi/lib/thumb/v7e-m/nofp\libc.a(lib_a-signal.o)
                0x08014244                _raise_r
 .text.__sigtramp_r
                0x0801429c       0x64 c:/program files (x86)/gnu arm embedded toolchain/10 2021.10/bin/../lib/gcc/arm-none-eabi/10.3.1/../../../../arm-none-eabi/lib/thumb/v7e-m/nofp\libc.a(lib_a-signal.o)
                0x0801429c                __sigtramp_r
 .text.raise    0x08014300       0x5c c:/program files (x86)/gnu arm embedded toolchain/10 2021.10/bin/../lib/gcc/arm-none-eabi/10.3.1/../../../../arm-none-eabi/lib/thumb/v7e-m/nofp\libc.a(lib_a-signal.o)
                0x08014300                raise
 .text.signal   0x0801435c       0x54 c:/program files (x86)/gnu arm embedded toolchain/10 2021.10/bin/../lib/gcc/arm-none-eabi/10.3.1/../../../../arm-none-eabi/lib/thumb/v7e-m/nofp\libc.a(lib_a-signal.o)
                0x0801435c                signal
 .text._init_signal
                0x080143b0       0x38 c:/program files (x86)/gnu arm embedded toolchain/10 2021.10/bin/../lib/gcc/arm-none-eabi/10.3.1/../../../../arm-none-eabi/lib/thumb/v7e-m/nofp\libc.a(lib_a-signal.o)
                0x080143b0                _init_signal
 .text.__sigtramp
                0x080143e8       0x68 c:/program files (x86)/gnu arm embedded toolchain/10 2021.10/bin/../lib/gcc/arm-none-eabi/10.3.1/../../../../arm-none-eabi/lib/thumb/v7e-m/nofp\libc.a(lib_a-signal.o)
                0x080143e8                __sigtramp
 .text._kill_r  0x08014450       0x2c c:/program files (x86)/gnu arm embedded toolchain/10 2021.10/bin/../lib/gcc/arm-none-eabi/10.3.1/../../../../arm-none-eabi/lib/thumb/v7e-m/nofp\libc.a(lib_a-signalr.o)
                0x08014450                _kill_r
 .text._getpid_r
                0x0801447c        0x4 c:/program files (x86)/gnu arm embedded toolchain/10 2021.10/bin/../lib/gcc/arm-none-eabi/10.3.1/../../../../arm-none-eabi/lib/thumb/v7e-m/nofp\libc.a(lib_a-signalr.o)
                0x0801447c                _getpid_r
 .text._swiread
                0x08014480       0x3c c:/program files (x86)/gnu arm embedded toolchain/10 2021.10/bin/../lib/gcc/arm-none-eabi/10.3.1/../../../../arm-none-eabi/lib/thumb/v7e-m/nofp\librdimon.a(rdimon-syscalls.o)
                0x08014480                _swiread
 .text._read    0x080144bc       0x90 c:/program files (x86)/gnu arm embedded toolchain/10 2021.10/bin/../lib/gcc/arm-none-eabi/10.3.1/../../../../arm-none-eabi/lib/thumb/v7e-m/nofp\librdimon.a(rdimon-syscalls.o)
                0x080144bc                _read
 .text._swilseek
                0x0801454c       0xe4 c:/program files (x86)/gnu arm embedded toolchain/10 2021.10/bin/../lib/gcc/arm-none-eabi/10.3.1/../../../../arm-none-eabi/lib/thumb/v7e-m/nofp\librdimon.a(rdimon-syscalls.o)
                0x0801454c                _swilseek
 .text._lseek   0x08014630        0x4 c:/program files (x86)/gnu arm embedded toolchain/10 2021.10/bin/../lib/gcc/arm-none-eabi/10.3.1/../../../../arm-none-eabi/lib/thumb/v7e-m/nofp\librdimon.a(rdimon-syscalls.o)
                0x08014630                _lseek
 .text._swiwrite
                0x08014634       0x3c c:/program files (x86)/gnu arm embedded toolchain/10 2021.10/bin/../lib/gcc/arm-none-eabi/10.3.1/../../../../arm-none-eabi/lib/thumb/v7e-m/nofp\librdimon.a(rdimon-syscalls.o)
                0x08014634                _swiwrite
 .text._write   0x08014670       0xbc c:/program files (x86)/gnu arm embedded toolchain/10 2021.10/bin/../lib/gcc/arm-none-eabi/10.3.1/../../../../arm-none-eabi/lib/thumb/v7e-m/nofp\librdimon.a(rdimon-syscalls.o)
                0x08014670                _write
 .text._swiclose
                0x0801472c       0x38 c:/program files (x86)/gnu arm embedded toolchain/10 2021.10/bin/../lib/gcc/arm-none-eabi/10.3.1/../../../../arm-none-eabi/lib/thumb/v7e-m/nofp\librdimon.a(rdimon-syscalls.o)
                0x0801472c                _swiclose
 .text._close   0x08014764       0x98 c:/program files (x86)/gnu arm embedded toolchain/10 2021.10/bin/../lib/gcc/arm-none-eabi/10.3.1/../../../../arm-none-eabi/lib/thumb/v7e-m/nofp\librdimon.a(rdimon-syscalls.o)
                0x08014764                _close
 .text._getpid  0x080147fc        0x4 c:/program files (x86)/gnu arm embedded toolchain/10 2021.10/bin/../lib/gcc/arm-none-eabi/10.3.1/../../../../arm-none-eabi/lib/thumb/v7e-m/nofp\librdimon.a(rdimon-syscalls.o)
                0x080147fc                _getpid
 .text._sbrk    0x08014800       0x48 c:/program files (x86)/gnu arm embedded toolchain/10 2021.10/bin/../lib/gcc/arm-none-eabi/10.3.1/../../../../arm-none-eabi/lib/thumb/v7e-m/nofp\librdimon.a(rdimon-syscalls.o)
                0x08014800                _sbrk
 .text._swistat
                0x08014848       0x80 c:/program files (x86)/gnu arm embedded toolchain/10 2021.10/bin/../lib/gcc/arm-none-eabi/10.3.1/../../../../arm-none-eabi/lib/thumb/v7e-m/nofp\librdimon.a(rdimon-syscalls.o)
                0x08014848                _swistat
 .text._fstat   0x080148c8       0x1c c:/program files (x86)/gnu arm embedded toolchain/10 2021.10/bin/../lib/gcc/arm-none-eabi/10.3.1/../../../../arm-none-eabi/lib/thumb/v7e-m/nofp\librdimon.a(rdimon-syscalls.o)
                0x080148c8                _fstat
 .text._stat    0x080148e4       0x3c c:/program files (x86)/gnu arm embedded toolchain/10 2021.10/bin/../lib/gcc/arm-none-eabi/10.3.1/../../../../arm-none-eabi/lib/thumb/v7e-m/nofp\librdimon.a(rdimon-syscalls.o)
                0x080148e4                _stat
 .text._swiopen
                0x08014920       0xcc c:/program files (x86)/gnu arm embedded toolchain/10 2021.10/bin/../lib/gcc/arm-none-eabi/10.3.1/../../../../arm-none-eabi/lib/thumb/v7e-m/nofp\librdimon.a(rdimon-syscalls.o)
                0x08014920                _swiopen
 .text._open    0x080149ec       0x14 c:/program files (x86)/gnu arm embedded toolchain/10 2021.10/bin/../lib/gcc/arm-none-eabi/10.3.1/../../../../arm-none-eabi/lib/thumb/v7e-m/nofp\librdimon.a(rdimon-syscalls.o)
                0x080149ec                _open
 .text._get_semihosting_exts
                0x08014a00      0x110 c:/program files (x86)/gnu arm embedded toolchain/10 2021.10/bin/../lib/gcc/arm-none-eabi/10.3.1/../../../../arm-none-eabi/lib/thumb/v7e-m/nofp\librdimon.a(rdimon-syscalls.o)
                0x08014a00                _get_semihosting_exts
 .text._has_ext_exit_extended
                0x08014b10       0x48 c:/program files (x86)/gnu arm embedded toolchain/10 2021.10/bin/../lib/gcc/arm-none-eabi/10.3.1/../../../../arm-none-eabi/lib/thumb/v7e-m/nofp\librdimon.a(rdimon-syscalls.o)
                0x08014b10                _has_ext_exit_extended
 .text._has_ext_stdout_stderr
                0x08014b58       0x48 c:/program files (x86)/gnu arm embedded toolchain/10 2021.10/bin/../lib/gcc/arm-none-eabi/10.3.1/../../../../arm-none-eabi/lib/thumb/v7e-m/nofp\librdimon.a(rdimon-syscalls.o)
                0x08014b58                _has_ext_stdout_stderr
 .text.initialise_monitor_handles
                0x08014ba0      0x158 c:/program files (x86)/gnu arm embedded toolchain/10 2021.10/bin/../lib/gcc/arm-none-eabi/10.3.1/../../../../arm-none-eabi/lib/thumb/v7e-m/nofp\librdimon.a(rdimon-syscalls.o)
                0x08014ba0                initialise_monitor_handles
 .text._link    0x08014cf8       0x10 c:/program files (x86)/gnu arm embedded toolchain/10 2021.10/bin/../lib/gcc/arm-none-eabi/10.3.1/../../../../arm-none-eabi/lib/thumb/v7e-m/nofp\librdimon.a(rdimon-syscalls.o)
                0x08014cf8                _link
 .text._unlink  0x08014d08       0x40 c:/program files (x86)/gnu arm embedded toolchain/10 2021.10/bin/../lib/gcc/arm-none-eabi/10.3.1/../../../../arm-none-eabi/lib/thumb/v7e-m/nofp\librdimon.a(rdimon-syscalls.o)
                0x08014d08                _unlink
 .text._gettimeofday
                0x08014d48       0x28 c:/program files (x86)/gnu arm embedded toolchain/10 2021.10/bin/../lib/gcc/arm-none-eabi/10.3.1/../../../../arm-none-eabi/lib/thumb/v7e-m/nofp\librdimon.a(rdimon-syscalls.o)
                0x08014d48                _gettimeofday
 .text._clock   0x08014d70       0x14 c:/program files (x86)/gnu arm embedded toolchain/10 2021.10/bin/../lib/gcc/arm-none-eabi/10.3.1/../../../../arm-none-eabi/lib/thumb/v7e-m/nofp\librdimon.a(rdimon-syscalls.o)
                0x08014d70                _clock
 .text._times   0x08014d84       0x20 c:/program files (x86)/gnu arm embedded toolchain/10 2021.10/bin/../lib/gcc/arm-none-eabi/10.3.1/../../../../arm-none-eabi/lib/thumb/v7e-m/nofp\librdimon.a(rdimon-syscalls.o)
                0x08014d84                _times
 .text._isatty  0x08014da4       0x68 c:/program files (x86)/gnu arm embedded toolchain/10 2021.10/bin/../lib/gcc/arm-none-eabi/10.3.1/../../../../arm-none-eabi/lib/thumb/v7e-m/nofp\librdimon.a(rdimon-syscalls.o)
                0x08014da4                _isatty
 .text._system  0x08014e0c       0x5c c:/program files (x86)/gnu arm embedded toolchain/10 2021.10/bin/../lib/gcc/arm-none-eabi/10.3.1/../../../../arm-none-eabi/lib/thumb/v7e-m/nofp\librdimon.a(rdimon-syscalls.o)
                0x08014e0c                _system
 .text._rename  0x08014e68       0x54 c:/program files (x86)/gnu arm embedded toolchain/10 2021.10/bin/../lib/gcc/arm-none-eabi/10.3.1/../../../../arm-none-eabi/lib/thumb/v7e-m/nofp\librdimon.a(rdimon-syscalls.o)
                0x08014e68                _rename
 .text._exit    0x08014ebc       0x14 c:/program files (x86)/gnu arm embedded toolchain/10 2021.10/bin/../lib/gcc/arm-none-eabi/10.3.1/../../../../arm-none-eabi/lib/thumb/v7e-m/nofp\librdimon.a(rdimon-_exit.o)
                0x08014ebc                _exit
 .text._kill_shared
                0x08014ed0       0x30 c:/program files (x86)/gnu arm embedded toolchain/10 2021.10/bin/../lib/gcc/arm-none-eabi/10.3.1/../../../../arm-none-eabi/lib/thumb/v7e-m/nofp\librdimon.a(rdimon-_kill.o)
                0x08014ed0                _kill_shared
 .text._kill    0x08014f00       0x1c c:/program files (x86)/gnu arm embedded toolchain/10 2021.10/bin/../lib/gcc/arm-none-eabi/10.3.1/../../../../arm-none-eabi/lib/thumb/v7e-m/nofp\librdimon.a(rdimon-_kill.o)
                0x08014f00                _kill
 *(.init)
 .init          0x08014f1c        0x4 c:/program files (x86)/gnu arm embedded toolchain/10 2021.10/bin/../lib/gcc/arm-none-eabi/10.3.1/thumb/v7e-m/nofp/crti.o
                0x08014f1c                _init
 .init          0x08014f20        0x8 c:/program files (x86)/gnu arm embedded toolchain/10 2021.10/bin/../lib/gcc/arm-none-eabi/10.3.1/thumb/v7e-m/nofp/crtn.o
 *(.fini)
 .fini          0x08014f28        0x4 c:/program files (x86)/gnu arm embedded toolchain/10 2021.10/bin/../lib/gcc/arm-none-eabi/10.3.1/thumb/v7e-m/nofp/crti.o
                0x08014f28                _fini
 .fini          0x08014f2c        0x8 c:/program files (x86)/gnu arm embedded toolchain/10 2021.10/bin/../lib/gcc/arm-none-eabi/10.3.1/thumb/v7e-m/nofp/crtn.o
 *(.rodata)
 .rodata        0x08014f34       0x24 c:/program files (x86)/gnu arm embedded toolchain/10 2021.10/bin/../lib/gcc/arm-none-eabi/10.3.1/thumb/v7e-m/nofp/crtbegin.o
 .rodata        0x08014f58       0x20 ble.o
 .rodata        0x08014f78       0x81 main.o
 *fill*         0x08014ff9        0x3 
 .rodata        0x08014ffc       0x53 drivers/Src/stm32f407xx_rcc_driver.o
                0x08014ffc                AHBPrescTable
                0x0801500c                APBPrescTable
 *fill*         0x0801504f        0x1 
 .rodata        0x08015050       0x13 drivers/Src/stm32f407xx_spi_driver.o
 *fill*         0x08015063        0x1 
 .rodata        0x08015064       0x46 USB/Core/Src/usbd_desc.o
 *fill*         0x080150aa        0x2 
 .rodata        0x080150ac       0x24 c:/program files (x86)/gnu arm embedded toolchain/10 2021.10/bin/../lib/gcc/arm-none-eabi/10.3.1/thumb/v7e-m/nofp/crtend.o
 *(.rodata.*)
 .rodata._global_impure_ptr
                0x080150d0        0x4 c:/program files (x86)/gnu arm embedded toolchain/10 2021.10/bin/../lib/gcc/arm-none-eabi/10.3.1/../../../../arm-none-eabi/lib/thumb/v7e-m/nofp\libc.a(lib_a-impure.o)
                0x080150d0                _global_impure_ptr
 .rodata._puts_r.str1.4
                0x080150d4        0x2 c:/program files (x86)/gnu arm embedded toolchain/10 2021.10/bin/../lib/gcc/arm-none-eabi/10.3.1/../../../../arm-none-eabi/lib/thumb/v7e-m/nofp\libc.a(lib_a-puts.o)
 *fill*         0x080150d6        0x2 
 .rodata._vfprintf_r.str1.4
                0x080150d8       0x42 c:/program files (x86)/gnu arm embedded toolchain/10 2021.10/bin/../lib/gcc/arm-none-eabi/10.3.1/../../../../arm-none-eabi/lib/thumb/v7e-m/nofp\libc.a(lib_a-vfprintf.o)
 *fill*         0x0801511a        0x2 
 .rodata.blanks.1